Archive member included to satisfy reference by file (symbol)

/usr/lib/gcc/arm-none-eabi/10.3.1/../../../arm-none-eabi/lib/thumb/v7-m/nofp/libc.a(lib_a-memcpy.o)
                              rtos/queue.o (memcpy)
/home/msis/duggesh/ES/stm32f103c8t6/libopencm3/lib/libopencm3_stm32f1.a(gpio.o)
                              pwm.o (gpio_set_mode)
/home/msis/duggesh/ES/stm32f103c8t6/libopencm3/lib/libopencm3_stm32f1.a(rcc_common_all.o)
                              pwm.o (rcc_periph_clock_enable)
/home/msis/duggesh/ES/stm32f103c8t6/libopencm3/lib/libopencm3_stm32f1.a(timer_common_all.o)
                              pwm.o (timer_enable_counter)
/home/msis/duggesh/ES/stm32f103c8t6/libopencm3/lib/libopencm3_stm32f1.a(vector.o)
                              (reset_handler)

Discarded input sections

 .text          0x0000000000000000        0x0 pwm.o
 .data          0x0000000000000000        0x0 pwm.o
 .bss           0x0000000000000000        0x0 pwm.o
 .text          0x0000000000000000        0x0 rtos/heap_4.o
 .data          0x0000000000000000        0x0 rtos/heap_4.o
 .bss           0x0000000000000000        0x0 rtos/heap_4.o
 .text.prvInsertBlockIntoFreeList
                0x0000000000000000       0x48 rtos/heap_4.o
 .text.pvPortMalloc
                0x0000000000000000       0xf4 rtos/heap_4.o
 .text.vPortFree
                0x0000000000000000       0x4c rtos/heap_4.o
 .text.xPortGetFreeHeapSize
                0x0000000000000000        0xc rtos/heap_4.o
 .text.xPortGetMinimumEverFreeHeapSize
                0x0000000000000000        0xc rtos/heap_4.o
 .text.vPortInitialiseBlocks
                0x0000000000000000        0x2 rtos/heap_4.o
 .bss.pxEnd     0x0000000000000000        0x4 rtos/heap_4.o
 .bss.ucHeap    0x0000000000000000     0x4400 rtos/heap_4.o
 .bss.xBlockAllocatedBit
                0x0000000000000000        0x4 rtos/heap_4.o
 .bss.xFreeBytesRemaining
                0x0000000000000000        0x4 rtos/heap_4.o
 .bss.xMinimumEverFreeBytesRemaining
                0x0000000000000000        0x4 rtos/heap_4.o
 .bss.xStart    0x0000000000000000        0x8 rtos/heap_4.o
 .debug_info    0x0000000000000000      0x407 rtos/heap_4.o
 .debug_abbrev  0x0000000000000000      0x233 rtos/heap_4.o
 .debug_loc     0x0000000000000000      0x3a1 rtos/heap_4.o
 .debug_aranges
                0x0000000000000000       0x48 rtos/heap_4.o
 .debug_ranges  0x0000000000000000       0x38 rtos/heap_4.o
 .debug_line    0x0000000000000000      0x3b6 rtos/heap_4.o
 .debug_str     0x0000000000000000      0x364 rtos/heap_4.o
 .comment       0x0000000000000000       0x34 rtos/heap_4.o
 .debug_frame   0x0000000000000000       0x98 rtos/heap_4.o
 .ARM.attributes
                0x0000000000000000       0x2d rtos/heap_4.o
 .text          0x0000000000000000        0x0 rtos/list.o
 .data          0x0000000000000000        0x0 rtos/list.o
 .bss           0x0000000000000000        0x0 rtos/list.o
 .text.vListInitialise
                0x0000000000000000       0x16 rtos/list.o
 .text.vListInitialiseItem
                0x0000000000000000        0x6 rtos/list.o
 .text.vListInsert
                0x0000000000000000       0x2e rtos/list.o
 .text          0x0000000000000000        0x0 rtos/port.o
 .data          0x0000000000000000        0x0 rtos/port.o
 .bss           0x0000000000000000        0x0 rtos/port.o
 .text.prvTaskExitError
                0x0000000000000000       0x12 rtos/port.o
 .text.prvPortStartFirstTask
                0x0000000000000000       0x20 rtos/port.o
 .text.pxPortInitialiseStack
                0x0000000000000000       0x24 rtos/port.o
 .text.vPortEndScheduler
                0x0000000000000000        0x2 rtos/port.o
 .text.vPortEnterCritical
                0x0000000000000000       0x20 rtos/port.o
 .text.vPortExitCritical
                0x0000000000000000       0x14 rtos/port.o
 .text.vPortSetupTimerInterrupt
                0x0000000000000000       0x10 rtos/port.o
 .text.xPortStartScheduler
                0x0000000000000000       0x34 rtos/port.o
 .data.uxCriticalNesting
                0x0000000000000000        0x4 rtos/port.o
 .text          0x0000000000000000        0x0 rtos/queue.o
 .data          0x0000000000000000        0x0 rtos/queue.o
 .bss           0x0000000000000000        0x0 rtos/queue.o
 .text.prvCopyDataToQueue
                0x0000000000000000       0x6a rtos/queue.o
 .text.prvCopyDataFromQueue
                0x0000000000000000       0x28 rtos/queue.o
 .text.prvUnlockQueue
                0x0000000000000000       0x70 rtos/queue.o
 .text.xQueueGenericReset
                0x0000000000000000       0x6a rtos/queue.o
 .text.xQueueGenericCreate
                0x0000000000000000       0x2e rtos/queue.o
 .text.xQueueGenericSend
                0x0000000000000000      0x104 rtos/queue.o
 .text.xQueueCreateMutex
                0x0000000000000000       0x24 rtos/queue.o
 .text.xQueueGenericSendFromISR
                0x0000000000000000       0x68 rtos/queue.o
 .text.xQueueGiveFromISR
                0x0000000000000000       0x5c rtos/queue.o
 .text.xQueueGenericReceive
                0x0000000000000000      0x138 rtos/queue.o
 .text.xQueueReceiveFromISR
                0x0000000000000000       0x68 rtos/queue.o
 .text.xQueuePeekFromISR
                0x0000000000000000       0x30 rtos/queue.o
 .text.uxQueueMessagesWaiting
                0x0000000000000000       0x12 rtos/queue.o
 .text.uxQueueSpacesAvailable
                0x0000000000000000       0x16 rtos/queue.o
 .text.uxQueueMessagesWaitingFromISR
                0x0000000000000000        0x4 rtos/queue.o
 .text.vQueueDelete
                0x0000000000000000        0x4 rtos/queue.o
 .text.xQueueIsQueueEmptyFromISR
                0x0000000000000000        0xa rtos/queue.o
 .text.xQueueIsQueueFullFromISR
                0x0000000000000000        0xc rtos/queue.o
 .debug_info    0x0000000000000000     0x1495 rtos/queue.o
 .debug_abbrev  0x0000000000000000      0x2c6 rtos/queue.o
 .debug_loc     0x0000000000000000     0x106a rtos/queue.o
 .debug_aranges
                0x0000000000000000       0xa8 rtos/queue.o
 .debug_ranges  0x0000000000000000      0x208 rtos/queue.o
 .debug_line    0x0000000000000000      0xb5d rtos/queue.o
 .debug_str     0x0000000000000000      0x7cd rtos/queue.o
 .comment       0x0000000000000000       0x34 rtos/queue.o
 .debug_frame   0x0000000000000000      0x208 rtos/queue.o
 .ARM.attributes
                0x0000000000000000       0x2d rtos/queue.o
 .text          0x0000000000000000        0x0 rtos/tasks.o
 .data          0x0000000000000000        0x0 rtos/tasks.o
 .bss           0x0000000000000000        0x0 rtos/tasks.o
 .text.prvAddCurrentTaskToDelayedList
                0x0000000000000000       0x88 rtos/tasks.o
 .text.xTaskCreate
                0x0000000000000000      0x198 rtos/tasks.o
 .text.vTaskDelete
                0x0000000000000000       0xbc rtos/tasks.o
 .text.uxTaskPriorityGet
                0x0000000000000000       0x1c rtos/tasks.o
 .text.uxTaskPriorityGetFromISR
                0x0000000000000000       0x28 rtos/tasks.o
 .text.vTaskPrioritySet
                0x0000000000000000       0xc8 rtos/tasks.o
 .text.vTaskResume
                0x0000000000000000       0x88 rtos/tasks.o
 .text.xTaskResumeFromISR
                0x0000000000000000       0x90 rtos/tasks.o
 .rodata.vTaskStartScheduler.str1.1
                0x0000000000000000        0x5 rtos/tasks.o
 .text.vTaskStartScheduler
                0x0000000000000000       0x60 rtos/tasks.o
 .text.vTaskEndScheduler
                0x0000000000000000       0x20 rtos/tasks.o
 .text.vTaskSuspendAll
                0x0000000000000000       0x10 rtos/tasks.o
 .text.xTaskGetTickCount
                0x0000000000000000        0xc rtos/tasks.o
 .text.xTaskGetTickCountFromISR
                0x0000000000000000        0xc rtos/tasks.o
 .text.uxTaskGetNumberOfTasks
                0x0000000000000000        0xc rtos/tasks.o
 .text.pcTaskGetName
                0x0000000000000000       0x10 rtos/tasks.o
 .text.xTaskResumeAll
                0x0000000000000000       0xd8 rtos/tasks.o
 .text.vTaskDelayUntil
                0x0000000000000000       0x4c rtos/tasks.o
 .text.vTaskDelay
                0x0000000000000000       0x2e rtos/tasks.o
 .text.prvIdleTask
                0x0000000000000000       0x74 rtos/tasks.o
 .text.vTaskSuspend
                0x0000000000000000       0xac rtos/tasks.o
 .text.vTaskPlaceOnEventList
                0x0000000000000000       0x20 rtos/tasks.o
 .text.vTaskPlaceOnUnorderedEventList
                0x0000000000000000       0x28 rtos/tasks.o
 .text.xTaskRemoveFromEventList
                0x0000000000000000       0x70 rtos/tasks.o
 .text.xTaskRemoveFromUnorderedEventList
                0x0000000000000000       0x5c rtos/tasks.o
 .text.vTaskSetTimeOutState
                0x0000000000000000       0x18 rtos/tasks.o
 .text.xTaskCheckForTimeOut
                0x0000000000000000       0x4c rtos/tasks.o
 .text.vTaskMissedYield
                0x0000000000000000        0xc rtos/tasks.o
 .text.xTaskGetCurrentTaskHandle
                0x0000000000000000        0xc rtos/tasks.o
 .text.vTaskPriorityInherit
                0x0000000000000000       0x94 rtos/tasks.o
 .text.xTaskPriorityDisinherit
                0x0000000000000000       0x70 rtos/tasks.o
 .text.uxTaskResetEventItemValue
                0x0000000000000000       0x18 rtos/tasks.o
 .text.pvTaskIncrementMutexHeldCount
                0x0000000000000000       0x18 rtos/tasks.o
 .text.ulTaskNotifyTake
                0x0000000000000000       0x64 rtos/tasks.o
 .text.xTaskNotifyWait
                0x0000000000000000       0x88 rtos/tasks.o
 .text.xTaskGenericNotify
                0x0000000000000000       0xa4 rtos/tasks.o
 .text.xTaskGenericNotifyFromISR
                0x0000000000000000       0xc4 rtos/tasks.o
 .text.vTaskNotifyGiveFromISR
                0x0000000000000000       0xa0 rtos/tasks.o
 .text.xTaskNotifyStateClear
                0x0000000000000000       0x2c rtos/tasks.o
 .bss.uxCurrentNumberOfTasks
                0x0000000000000000        0x4 rtos/tasks.o
 .bss.uxDeletedTasksWaitingCleanUp
                0x0000000000000000        0x4 rtos/tasks.o
 .bss.uxTaskNumber
                0x0000000000000000        0x4 rtos/tasks.o
 .bss.xDelayedTaskList1
                0x0000000000000000       0x14 rtos/tasks.o
 .bss.xDelayedTaskList2
                0x0000000000000000       0x14 rtos/tasks.o
 .bss.xIdleTaskHandle
                0x0000000000000000        0x4 rtos/tasks.o
 .bss.xPendingReadyList
                0x0000000000000000       0x14 rtos/tasks.o
 .bss.xSchedulerRunning
                0x0000000000000000        0x4 rtos/tasks.o
 .bss.xSuspendedTaskList
                0x0000000000000000       0x14 rtos/tasks.o
 .bss.xTasksWaitingTermination
                0x0000000000000000       0x14 rtos/tasks.o
 .text          0x0000000000000000        0x0 rtos/opencm3.o
 .data          0x0000000000000000        0x0 rtos/opencm3.o
 .bss           0x0000000000000000        0x0 rtos/opencm3.o
 .text          0x0000000000000000       0xec /usr/lib/gcc/arm-none-eabi/10.3.1/../../../arm-none-eabi/lib/thumb/v7-m/nofp/libc.a(lib_a-memcpy.o)
 .data          0x0000000000000000        0x0 /usr/lib/gcc/arm-none-eabi/10.3.1/../../../arm-none-eabi/lib/thumb/v7-m/nofp/libc.a(lib_a-memcpy.o)
 .bss           0x0000000000000000        0x0 /usr/lib/gcc/arm-none-eabi/10.3.1/../../../arm-none-eabi/lib/thumb/v7-m/nofp/libc.a(lib_a-memcpy.o)
 .debug_line    0x0000000000000000       0xc1 /usr/lib/gcc/arm-none-eabi/10.3.1/../../../arm-none-eabi/lib/thumb/v7-m/nofp/libc.a(lib_a-memcpy.o)
 .debug_info    0x0000000000000000       0x26 /usr/lib/gcc/arm-none-eabi/10.3.1/../../../arm-none-eabi/lib/thumb/v7-m/nofp/libc.a(lib_a-memcpy.o)
 .debug_abbrev  0x0000000000000000       0x14 /usr/lib/gcc/arm-none-eabi/10.3.1/../../../arm-none-eabi/lib/thumb/v7-m/nofp/libc.a(lib_a-memcpy.o)
 .debug_aranges
                0x0000000000000000       0x20 /usr/lib/gcc/arm-none-eabi/10.3.1/../../../arm-none-eabi/lib/thumb/v7-m/nofp/libc.a(lib_a-memcpy.o)
 .debug_str     0x0000000000000000       0xad /usr/lib/gcc/arm-none-eabi/10.3.1/../../../arm-none-eabi/lib/thumb/v7-m/nofp/libc.a(lib_a-memcpy.o)
 .ARM.attributes
                0x0000000000000000       0x1b /usr/lib/gcc/arm-none-eabi/10.3.1/../../../arm-none-eabi/lib/thumb/v7-m/nofp/libc.a(lib_a-memcpy.o)
 .group         0x0000000000000000        0xc /home/msis/duggesh/ES/stm32f103c8t6/libopencm3/lib/libopencm3_stm32f1.a(gpio.o)
 .group         0x0000000000000000        0xc /home/msis/duggesh/ES/stm32f103c8t6/libopencm3/lib/libopencm3_stm32f1.a(gpio.o)
 .group         0x0000000000000000        0xc /home/msis/duggesh/ES/stm32f103c8t6/libopencm3/lib/libopencm3_stm32f1.a(gpio.o)
 .group         0x0000000000000000        0xc /home/msis/duggesh/ES/stm32f103c8t6/libopencm3/lib/libopencm3_stm32f1.a(gpio.o)
 .group         0x0000000000000000        0xc /home/msis/duggesh/ES/stm32f103c8t6/libopencm3/lib/libopencm3_stm32f1.a(gpio.o)
 .group         0x0000000000000000        0xc /home/msis/duggesh/ES/stm32f103c8t6/libopencm3/lib/libopencm3_stm32f1.a(gpio.o)
 .group         0x0000000000000000        0xc /home/msis/duggesh/ES/stm32f103c8t6/libopencm3/lib/libopencm3_stm32f1.a(gpio.o)
 .group         0x0000000000000000        0xc /home/msis/duggesh/ES/stm32f103c8t6/libopencm3/lib/libopencm3_stm32f1.a(gpio.o)
 .group         0x0000000000000000        0xc /home/msis/duggesh/ES/stm32f103c8t6/libopencm3/lib/libopencm3_stm32f1.a(gpio.o)
 .text          0x0000000000000000        0x0 /home/msis/duggesh/ES/stm32f103c8t6/libopencm3/lib/libopencm3_stm32f1.a(gpio.o)
 .data          0x0000000000000000        0x0 /home/msis/duggesh/ES/stm32f103c8t6/libopencm3/lib/libopencm3_stm32f1.a(gpio.o)
 .bss           0x0000000000000000        0x0 /home/msis/duggesh/ES/stm32f103c8t6/libopencm3/lib/libopencm3_stm32f1.a(gpio.o)
 .text.gpio_set_eventout
                0x0000000000000000       0x10 /home/msis/duggesh/ES/stm32f103c8t6/libopencm3/lib/libopencm3_stm32f1.a(gpio.o)
 .text.gpio_primary_remap
                0x0000000000000000       0x14 /home/msis/duggesh/ES/stm32f103c8t6/libopencm3/lib/libopencm3_stm32f1.a(gpio.o)
 .text.gpio_secondary_remap
                0x0000000000000000       0x10 /home/msis/duggesh/ES/stm32f103c8t6/libopencm3/lib/libopencm3_stm32f1.a(gpio.o)
 .group         0x0000000000000000        0xc /home/msis/duggesh/ES/stm32f103c8t6/libopencm3/lib/libopencm3_stm32f1.a(rcc_common_all.o)
 .group         0x0000000000000000        0xc /home/msis/duggesh/ES/stm32f103c8t6/libopencm3/lib/libopencm3_stm32f1.a(rcc_common_all.o)
 .group         0x0000000000000000        0xc /home/msis/duggesh/ES/stm32f103c8t6/libopencm3/lib/libopencm3_stm32f1.a(rcc_common_all.o)
 .group         0x0000000000000000        0xc /home/msis/duggesh/ES/stm32f103c8t6/libopencm3/lib/libopencm3_stm32f1.a(rcc_common_all.o)
 .group         0x0000000000000000        0xc /home/msis/duggesh/ES/stm32f103c8t6/libopencm3/lib/libopencm3_stm32f1.a(rcc_common_all.o)
 .group         0x0000000000000000        0xc /home/msis/duggesh/ES/stm32f103c8t6/libopencm3/lib/libopencm3_stm32f1.a(rcc_common_all.o)
 .group         0x0000000000000000        0xc /home/msis/duggesh/ES/stm32f103c8t6/libopencm3/lib/libopencm3_stm32f1.a(rcc_common_all.o)
 .group         0x0000000000000000        0xc /home/msis/duggesh/ES/stm32f103c8t6/libopencm3/lib/libopencm3_stm32f1.a(rcc_common_all.o)
 .text          0x0000000000000000        0x0 /home/msis/duggesh/ES/stm32f103c8t6/libopencm3/lib/libopencm3_stm32f1.a(rcc_common_all.o)
 .data          0x0000000000000000        0x0 /home/msis/duggesh/ES/stm32f103c8t6/libopencm3/lib/libopencm3_stm32f1.a(rcc_common_all.o)
 .bss           0x0000000000000000        0x0 /home/msis/duggesh/ES/stm32f103c8t6/libopencm3/lib/libopencm3_stm32f1.a(rcc_common_all.o)
 .text.rcc_peripheral_enable_clock
                0x0000000000000000        0x8 /home/msis/duggesh/ES/stm32f103c8t6/libopencm3/lib/libopencm3_stm32f1.a(rcc_common_all.o)
 .text.rcc_peripheral_disable_clock
                0x0000000000000000        0xa /home/msis/duggesh/ES/stm32f103c8t6/libopencm3/lib/libopencm3_stm32f1.a(rcc_common_all.o)
 .text.rcc_peripheral_reset
                0x0000000000000000        0x8 /home/msis/duggesh/ES/stm32f103c8t6/libopencm3/lib/libopencm3_stm32f1.a(rcc_common_all.o)
 .text.rcc_peripheral_clear_reset
                0x0000000000000000        0xa /home/msis/duggesh/ES/stm32f103c8t6/libopencm3/lib/libopencm3_stm32f1.a(rcc_common_all.o)
 .text.rcc_periph_clock_disable
                0x0000000000000000       0x1e /home/msis/duggesh/ES/stm32f103c8t6/libopencm3/lib/libopencm3_stm32f1.a(rcc_common_all.o)
 .text.rcc_periph_reset_pulse
                0x0000000000000000       0x24 /home/msis/duggesh/ES/stm32f103c8t6/libopencm3/lib/libopencm3_stm32f1.a(rcc_common_all.o)
 .text.rcc_periph_reset_hold
                0x0000000000000000        0x4 /home/msis/duggesh/ES/stm32f103c8t6/libopencm3/lib/libopencm3_stm32f1.a(rcc_common_all.o)
 .text.rcc_periph_reset_release
                0x0000000000000000        0x4 /home/msis/duggesh/ES/stm32f103c8t6/libopencm3/lib/libopencm3_stm32f1.a(rcc_common_all.o)
 .text.rcc_set_mco
                0x0000000000000000       0x14 /home/msis/duggesh/ES/stm32f103c8t6/libopencm3/lib/libopencm3_stm32f1.a(rcc_common_all.o)
 .text.rcc_osc_bypass_enable
                0x0000000000000000       0x28 /home/msis/duggesh/ES/stm32f103c8t6/libopencm3/lib/libopencm3_stm32f1.a(rcc_common_all.o)
 .text.rcc_osc_bypass_disable
                0x0000000000000000       0x28 /home/msis/duggesh/ES/stm32f103c8t6/libopencm3/lib/libopencm3_stm32f1.a(rcc_common_all.o)
 .text.rcc_get_div_from_hpre
                0x0000000000000000       0x18 /home/msis/duggesh/ES/stm32f103c8t6/libopencm3/lib/libopencm3_stm32f1.a(rcc_common_all.o)
 .debug_macro   0x0000000000000000      0xa60 /home/msis/duggesh/ES/stm32f103c8t6/libopencm3/lib/libopencm3_stm32f1.a(rcc_common_all.o)
 .debug_macro   0x0000000000000000       0x1c /home/msis/duggesh/ES/stm32f103c8t6/libopencm3/lib/libopencm3_stm32f1.a(rcc_common_all.o)
 .debug_macro   0x0000000000000000      0x34e /home/msis/duggesh/ES/stm32f103c8t6/libopencm3/lib/libopencm3_stm32f1.a(rcc_common_all.o)
 .debug_macro   0x0000000000000000       0x22 /home/msis/duggesh/ES/stm32f103c8t6/libopencm3/lib/libopencm3_stm32f1.a(rcc_common_all.o)
 .debug_macro   0x0000000000000000       0xe8 /home/msis/duggesh/ES/stm32f103c8t6/libopencm3/lib/libopencm3_stm32f1.a(rcc_common_all.o)
 .debug_macro   0x0000000000000000       0x76 /home/msis/duggesh/ES/stm32f103c8t6/libopencm3/lib/libopencm3_stm32f1.a(rcc_common_all.o)
 .debug_macro   0x0000000000000000      0x1b4 /home/msis/duggesh/ES/stm32f103c8t6/libopencm3/lib/libopencm3_stm32f1.a(rcc_common_all.o)
 .group         0x0000000000000000        0xc /home/msis/duggesh/ES/stm32f103c8t6/libopencm3/lib/libopencm3_stm32f1.a(timer_common_all.o)
 .group         0x0000000000000000        0xc /home/msis/duggesh/ES/stm32f103c8t6/libopencm3/lib/libopencm3_stm32f1.a(timer_common_all.o)
 .group         0x0000000000000000        0xc /home/msis/duggesh/ES/stm32f103c8t6/libopencm3/lib/libopencm3_stm32f1.a(timer_common_all.o)
 .group         0x0000000000000000        0xc /home/msis/duggesh/ES/stm32f103c8t6/libopencm3/lib/libopencm3_stm32f1.a(timer_common_all.o)
 .group         0x0000000000000000        0xc /home/msis/duggesh/ES/stm32f103c8t6/libopencm3/lib/libopencm3_stm32f1.a(timer_common_all.o)
 .group         0x0000000000000000        0xc /home/msis/duggesh/ES/stm32f103c8t6/libopencm3/lib/libopencm3_stm32f1.a(timer_common_all.o)
 .group         0x0000000000000000        0xc /home/msis/duggesh/ES/stm32f103c8t6/libopencm3/lib/libopencm3_stm32f1.a(timer_common_all.o)
 .group         0x0000000000000000        0xc /home/msis/duggesh/ES/stm32f103c8t6/libopencm3/lib/libopencm3_stm32f1.a(timer_common_all.o)
 .group         0x0000000000000000        0xc /home/msis/duggesh/ES/stm32f103c8t6/libopencm3/lib/libopencm3_stm32f1.a(timer_common_all.o)
 .text          0x0000000000000000        0x0 /home/msis/duggesh/ES/stm32f103c8t6/libopencm3/lib/libopencm3_stm32f1.a(timer_common_all.o)
 .data          0x0000000000000000        0x0 /home/msis/duggesh/ES/stm32f103c8t6/libopencm3/lib/libopencm3_stm32f1.a(timer_common_all.o)
 .bss           0x0000000000000000        0x0 /home/msis/duggesh/ES/stm32f103c8t6/libopencm3/lib/libopencm3_stm32f1.a(timer_common_all.o)
 .text.timer_enable_irq
                0x0000000000000000        0x8 /home/msis/duggesh/ES/stm32f103c8t6/libopencm3/lib/libopencm3_stm32f1.a(timer_common_all.o)
 .text.timer_disable_irq
                0x0000000000000000        0xa /home/msis/duggesh/ES/stm32f103c8t6/libopencm3/lib/libopencm3_stm32f1.a(timer_common_all.o)
 .text.timer_interrupt_source
                0x0000000000000000       0x16 /home/msis/duggesh/ES/stm32f103c8t6/libopencm3/lib/libopencm3_stm32f1.a(timer_common_all.o)
 .text.timer_get_flag
                0x0000000000000000        0xc /home/msis/duggesh/ES/stm32f103c8t6/libopencm3/lib/libopencm3_stm32f1.a(timer_common_all.o)
 .text.timer_clear_flag
                0x0000000000000000        0x6 /home/msis/duggesh/ES/stm32f103c8t6/libopencm3/lib/libopencm3_stm32f1.a(timer_common_all.o)
 .text.timer_set_mode
                0x0000000000000000       0x12 /home/msis/duggesh/ES/stm32f103c8t6/libopencm3/lib/libopencm3_stm32f1.a(timer_common_all.o)
 .text.timer_set_clock_division
                0x0000000000000000       0x14 /home/msis/duggesh/ES/stm32f103c8t6/libopencm3/lib/libopencm3_stm32f1.a(timer_common_all.o)
 .text.timer_enable_preload
                0x0000000000000000        0xa /home/msis/duggesh/ES/stm32f103c8t6/libopencm3/lib/libopencm3_stm32f1.a(timer_common_all.o)
 .text.timer_disable_preload
                0x0000000000000000        0xa /home/msis/duggesh/ES/stm32f103c8t6/libopencm3/lib/libopencm3_stm32f1.a(timer_common_all.o)
 .text.timer_set_alignment
                0x0000000000000000       0x14 /home/msis/duggesh/ES/stm32f103c8t6/libopencm3/lib/libopencm3_stm32f1.a(timer_common_all.o)
 .text.timer_direction_up
                0x0000000000000000        0xa /home/msis/duggesh/ES/stm32f103c8t6/libopencm3/lib/libopencm3_stm32f1.a(timer_common_all.o)
 .text.timer_direction_down
                0x0000000000000000        0xa /home/msis/duggesh/ES/stm32f103c8t6/libopencm3/lib/libopencm3_stm32f1.a(timer_common_all.o)
 .text.timer_one_shot_mode
                0x0000000000000000        0xa /home/msis/duggesh/ES/stm32f103c8t6/libopencm3/lib/libopencm3_stm32f1.a(timer_common_all.o)
 .text.timer_continuous_mode
                0x0000000000000000        0xa /home/msis/duggesh/ES/stm32f103c8t6/libopencm3/lib/libopencm3_stm32f1.a(timer_common_all.o)
 .text.timer_update_on_any
                0x0000000000000000        0xa /home/msis/duggesh/ES/stm32f103c8t6/libopencm3/lib/libopencm3_stm32f1.a(timer_common_all.o)
 .text.timer_update_on_overflow
                0x0000000000000000        0xa /home/msis/duggesh/ES/stm32f103c8t6/libopencm3/lib/libopencm3_stm32f1.a(timer_common_all.o)
 .text.timer_enable_update_event
                0x0000000000000000        0xa /home/msis/duggesh/ES/stm32f103c8t6/libopencm3/lib/libopencm3_stm32f1.a(timer_common_all.o)
 .text.timer_disable_update_event
                0x0000000000000000        0xa /home/msis/duggesh/ES/stm32f103c8t6/libopencm3/lib/libopencm3_stm32f1.a(timer_common_all.o)
 .text.timer_disable_counter
                0x0000000000000000        0xa /home/msis/duggesh/ES/stm32f103c8t6/libopencm3/lib/libopencm3_stm32f1.a(timer_common_all.o)
 .text.timer_set_output_idle_state
                0x0000000000000000        0xc /home/msis/duggesh/ES/stm32f103c8t6/libopencm3/lib/libopencm3_stm32f1.a(timer_common_all.o)
 .text.timer_reset_output_idle_state
                0x0000000000000000        0xe /home/msis/duggesh/ES/stm32f103c8t6/libopencm3/lib/libopencm3_stm32f1.a(timer_common_all.o)
 .text.timer_set_ti1_ch123_xor
                0x0000000000000000        0xa /home/msis/duggesh/ES/stm32f103c8t6/libopencm3/lib/libopencm3_stm32f1.a(timer_common_all.o)
 .text.timer_set_ti1_ch1
                0x0000000000000000        0xa /home/msis/duggesh/ES/stm32f103c8t6/libopencm3/lib/libopencm3_stm32f1.a(timer_common_all.o)
 .text.timer_set_master_mode
                0x0000000000000000       0x10 /home/msis/duggesh/ES/stm32f103c8t6/libopencm3/lib/libopencm3_stm32f1.a(timer_common_all.o)
 .text.timer_set_dma_on_compare_event
                0x0000000000000000        0xa /home/msis/duggesh/ES/stm32f103c8t6/libopencm3/lib/libopencm3_stm32f1.a(timer_common_all.o)
 .text.timer_set_dma_on_update_event
                0x0000000000000000        0xa /home/msis/duggesh/ES/stm32f103c8t6/libopencm3/lib/libopencm3_stm32f1.a(timer_common_all.o)
 .text.timer_enable_compare_control_update_on_trigger
                0x0000000000000000        0xa /home/msis/duggesh/ES/stm32f103c8t6/libopencm3/lib/libopencm3_stm32f1.a(timer_common_all.o)
 .text.timer_disable_compare_control_update_on_trigger
                0x0000000000000000        0xa /home/msis/duggesh/ES/stm32f103c8t6/libopencm3/lib/libopencm3_stm32f1.a(timer_common_all.o)
 .text.timer_enable_preload_complementry_enable_bits
                0x0000000000000000        0xa /home/msis/duggesh/ES/stm32f103c8t6/libopencm3/lib/libopencm3_stm32f1.a(timer_common_all.o)
 .text.timer_disable_preload_complementry_enable_bits
                0x0000000000000000        0xa /home/msis/duggesh/ES/stm32f103c8t6/libopencm3/lib/libopencm3_stm32f1.a(timer_common_all.o)
 .text.timer_set_repetition_counter
                0x0000000000000000        0x4 /home/msis/duggesh/ES/stm32f103c8t6/libopencm3/lib/libopencm3_stm32f1.a(timer_common_all.o)
 .text.timer_enable_oc_clear
                0x0000000000000000       0x34 /home/msis/duggesh/ES/stm32f103c8t6/libopencm3/lib/libopencm3_stm32f1.a(timer_common_all.o)
 .text.timer_disable_oc_clear
                0x0000000000000000       0x34 /home/msis/duggesh/ES/stm32f103c8t6/libopencm3/lib/libopencm3_stm32f1.a(timer_common_all.o)
 .text.timer_set_oc_fast_mode
                0x0000000000000000       0x34 /home/msis/duggesh/ES/stm32f103c8t6/libopencm3/lib/libopencm3_stm32f1.a(timer_common_all.o)
 .text.timer_set_oc_slow_mode
                0x0000000000000000       0x34 /home/msis/duggesh/ES/stm32f103c8t6/libopencm3/lib/libopencm3_stm32f1.a(timer_common_all.o)
 .text.timer_enable_oc_preload
                0x0000000000000000       0x34 /home/msis/duggesh/ES/stm32f103c8t6/libopencm3/lib/libopencm3_stm32f1.a(timer_common_all.o)
 .text.timer_disable_oc_preload
                0x0000000000000000       0x34 /home/msis/duggesh/ES/stm32f103c8t6/libopencm3/lib/libopencm3_stm32f1.a(timer_common_all.o)
 .text.timer_set_oc_polarity_high
                0x0000000000000000       0x4a /home/msis/duggesh/ES/stm32f103c8t6/libopencm3/lib/libopencm3_stm32f1.a(timer_common_all.o)
 .text.timer_set_oc_polarity_low
                0x0000000000000000       0x4a /home/msis/duggesh/ES/stm32f103c8t6/libopencm3/lib/libopencm3_stm32f1.a(timer_common_all.o)
 .text.timer_disable_oc_output
                0x0000000000000000       0x4a /home/msis/duggesh/ES/stm32f103c8t6/libopencm3/lib/libopencm3_stm32f1.a(timer_common_all.o)
 .text.timer_set_oc_idle_state_set
                0x0000000000000000       0x4a /home/msis/duggesh/ES/stm32f103c8t6/libopencm3/lib/libopencm3_stm32f1.a(timer_common_all.o)
 .text.timer_set_oc_idle_state_unset
                0x0000000000000000       0x4a /home/msis/duggesh/ES/stm32f103c8t6/libopencm3/lib/libopencm3_stm32f1.a(timer_common_all.o)
 .text.timer_enable_break_main_output
                0x0000000000000000        0xa /home/msis/duggesh/ES/stm32f103c8t6/libopencm3/lib/libopencm3_stm32f1.a(timer_common_all.o)
 .text.timer_disable_break_main_output
                0x0000000000000000        0xa /home/msis/duggesh/ES/stm32f103c8t6/libopencm3/lib/libopencm3_stm32f1.a(timer_common_all.o)
 .text.timer_enable_break_automatic_output
                0x0000000000000000        0xa /home/msis/duggesh/ES/stm32f103c8t6/libopencm3/lib/libopencm3_stm32f1.a(timer_common_all.o)
 .text.timer_disable_break_automatic_output
                0x0000000000000000        0xa /home/msis/duggesh/ES/stm32f103c8t6/libopencm3/lib/libopencm3_stm32f1.a(timer_common_all.o)
 .text.timer_set_break_polarity_high
                0x0000000000000000        0xa /home/msis/duggesh/ES/stm32f103c8t6/libopencm3/lib/libopencm3_stm32f1.a(timer_common_all.o)
 .text.timer_set_break_polarity_low
                0x0000000000000000        0xa /home/msis/duggesh/ES/stm32f103c8t6/libopencm3/lib/libopencm3_stm32f1.a(timer_common_all.o)
 .text.timer_enable_break
                0x0000000000000000        0xa /home/msis/duggesh/ES/stm32f103c8t6/libopencm3/lib/libopencm3_stm32f1.a(timer_common_all.o)
 .text.timer_disable_break
                0x0000000000000000        0xa /home/msis/duggesh/ES/stm32f103c8t6/libopencm3/lib/libopencm3_stm32f1.a(timer_common_all.o)
 .text.timer_set_enabled_off_state_in_run_mode
                0x0000000000000000        0xa /home/msis/duggesh/ES/stm32f103c8t6/libopencm3/lib/libopencm3_stm32f1.a(timer_common_all.o)
 .text.timer_set_disabled_off_state_in_run_mode
                0x0000000000000000        0xa /home/msis/duggesh/ES/stm32f103c8t6/libopencm3/lib/libopencm3_stm32f1.a(timer_common_all.o)
 .text.timer_set_enabled_off_state_in_idle_mode
                0x0000000000000000        0xa /home/msis/duggesh/ES/stm32f103c8t6/libopencm3/lib/libopencm3_stm32f1.a(timer_common_all.o)
 .text.timer_set_disabled_off_state_in_idle_mode
                0x0000000000000000        0xa /home/msis/duggesh/ES/stm32f103c8t6/libopencm3/lib/libopencm3_stm32f1.a(timer_common_all.o)
 .text.timer_set_break_lock
                0x0000000000000000        0x8 /home/msis/duggesh/ES/stm32f103c8t6/libopencm3/lib/libopencm3_stm32f1.a(timer_common_all.o)
 .text.timer_set_deadtime
                0x0000000000000000        0x4 /home/msis/duggesh/ES/stm32f103c8t6/libopencm3/lib/libopencm3_stm32f1.a(timer_common_all.o)
 .text.timer_generate_event
                0x0000000000000000        0x8 /home/msis/duggesh/ES/stm32f103c8t6/libopencm3/lib/libopencm3_stm32f1.a(timer_common_all.o)
 .text.timer_get_counter
                0x0000000000000000        0x4 /home/msis/duggesh/ES/stm32f103c8t6/libopencm3/lib/libopencm3_stm32f1.a(timer_common_all.o)
 .text.timer_set_counter
                0x0000000000000000        0x4 /home/msis/duggesh/ES/stm32f103c8t6/libopencm3/lib/libopencm3_stm32f1.a(timer_common_all.o)
 .text.timer_ic_set_filter
                0x0000000000000000       0x50 /home/msis/duggesh/ES/stm32f103c8t6/libopencm3/lib/libopencm3_stm32f1.a(timer_common_all.o)
 .text.timer_ic_set_prescaler
                0x0000000000000000       0x50 /home/msis/duggesh/ES/stm32f103c8t6/libopencm3/lib/libopencm3_stm32f1.a(timer_common_all.o)
 .text.timer_ic_set_input
                0x0000000000000000       0x62 /home/msis/duggesh/ES/stm32f103c8t6/libopencm3/lib/libopencm3_stm32f1.a(timer_common_all.o)
 .text.timer_ic_enable
                0x0000000000000000        0xe /home/msis/duggesh/ES/stm32f103c8t6/libopencm3/lib/libopencm3_stm32f1.a(timer_common_all.o)
 .text.timer_ic_disable
                0x0000000000000000       0x10 /home/msis/duggesh/ES/stm32f103c8t6/libopencm3/lib/libopencm3_stm32f1.a(timer_common_all.o)
 .text.timer_slave_set_filter
                0x0000000000000000       0x12 /home/msis/duggesh/ES/stm32f103c8t6/libopencm3/lib/libopencm3_stm32f1.a(timer_common_all.o)
 .text.timer_slave_set_prescaler
                0x0000000000000000       0x12 /home/msis/duggesh/ES/stm32f103c8t6/libopencm3/lib/libopencm3_stm32f1.a(timer_common_all.o)
 .text.timer_slave_set_polarity
                0x0000000000000000       0x12 /home/msis/duggesh/ES/stm32f103c8t6/libopencm3/lib/libopencm3_stm32f1.a(timer_common_all.o)
 .text.timer_slave_set_mode
                0x0000000000000000       0x10 /home/msis/duggesh/ES/stm32f103c8t6/libopencm3/lib/libopencm3_stm32f1.a(timer_common_all.o)
 .text.timer_slave_set_trigger
                0x0000000000000000       0x10 /home/msis/duggesh/ES/stm32f103c8t6/libopencm3/lib/libopencm3_stm32f1.a(timer_common_all.o)
 .text.timer_slave_set_extclockmode2
                0x0000000000000000       0x12 /home/msis/duggesh/ES/stm32f103c8t6/libopencm3/lib/libopencm3_stm32f1.a(timer_common_all.o)
 .debug_macro   0x0000000000000000      0xa60 /home/msis/duggesh/ES/stm32f103c8t6/libopencm3/lib/libopencm3_stm32f1.a(timer_common_all.o)
 .debug_macro   0x0000000000000000       0x1c /home/msis/duggesh/ES/stm32f103c8t6/libopencm3/lib/libopencm3_stm32f1.a(timer_common_all.o)
 .debug_macro   0x0000000000000000      0x34e /home/msis/duggesh/ES/stm32f103c8t6/libopencm3/lib/libopencm3_stm32f1.a(timer_common_all.o)
 .debug_macro   0x0000000000000000       0x22 /home/msis/duggesh/ES/stm32f103c8t6/libopencm3/lib/libopencm3_stm32f1.a(timer_common_all.o)
 .debug_macro   0x0000000000000000       0xe8 /home/msis/duggesh/ES/stm32f103c8t6/libopencm3/lib/libopencm3_stm32f1.a(timer_common_all.o)
 .debug_macro   0x0000000000000000       0x76 /home/msis/duggesh/ES/stm32f103c8t6/libopencm3/lib/libopencm3_stm32f1.a(timer_common_all.o)
 .debug_macro   0x0000000000000000      0x1b4 /home/msis/duggesh/ES/stm32f103c8t6/libopencm3/lib/libopencm3_stm32f1.a(timer_common_all.o)
 .debug_macro   0x0000000000000000      0x8c6 /home/msis/duggesh/ES/stm32f103c8t6/libopencm3/lib/libopencm3_stm32f1.a(timer_common_all.o)
 .group         0x0000000000000000        0xc /home/msis/duggesh/ES/stm32f103c8t6/libopencm3/lib/libopencm3_stm32f1.a(vector.o)
 .group         0x0000000000000000        0xc /home/msis/duggesh/ES/stm32f103c8t6/libopencm3/lib/libopencm3_stm32f1.a(vector.o)
 .group         0x0000000000000000        0xc /home/msis/duggesh/ES/stm32f103c8t6/libopencm3/lib/libopencm3_stm32f1.a(vector.o)
 .group         0x0000000000000000        0xc /home/msis/duggesh/ES/stm32f103c8t6/libopencm3/lib/libopencm3_stm32f1.a(vector.o)
 .group         0x0000000000000000        0xc /home/msis/duggesh/ES/stm32f103c8t6/libopencm3/lib/libopencm3_stm32f1.a(vector.o)
 .group         0x0000000000000000        0xc /home/msis/duggesh/ES/stm32f103c8t6/libopencm3/lib/libopencm3_stm32f1.a(vector.o)
 .group         0x0000000000000000        0xc /home/msis/duggesh/ES/stm32f103c8t6/libopencm3/lib/libopencm3_stm32f1.a(vector.o)
 .group         0x0000000000000000        0xc /home/msis/duggesh/ES/stm32f103c8t6/libopencm3/lib/libopencm3_stm32f1.a(vector.o)
 .group         0x0000000000000000        0xc /home/msis/duggesh/ES/stm32f103c8t6/libopencm3/lib/libopencm3_stm32f1.a(vector.o)
 .text          0x0000000000000000        0x0 /home/msis/duggesh/ES/stm32f103c8t6/libopencm3/lib/libopencm3_stm32f1.a(vector.o)
 .data          0x0000000000000000        0x0 /home/msis/duggesh/ES/stm32f103c8t6/libopencm3/lib/libopencm3_stm32f1.a(vector.o)
 .bss           0x0000000000000000        0x0 /home/msis/duggesh/ES/stm32f103c8t6/libopencm3/lib/libopencm3_stm32f1.a(vector.o)
 .debug_macro   0x0000000000000000      0xa60 /home/msis/duggesh/ES/stm32f103c8t6/libopencm3/lib/libopencm3_stm32f1.a(vector.o)
 .debug_macro   0x0000000000000000       0x76 /home/msis/duggesh/ES/stm32f103c8t6/libopencm3/lib/libopencm3_stm32f1.a(vector.o)
 .debug_macro   0x0000000000000000       0x1c /home/msis/duggesh/ES/stm32f103c8t6/libopencm3/lib/libopencm3_stm32f1.a(vector.o)
 .debug_macro   0x0000000000000000      0x34e /home/msis/duggesh/ES/stm32f103c8t6/libopencm3/lib/libopencm3_stm32f1.a(vector.o)
 .debug_macro   0x0000000000000000       0x22 /home/msis/duggesh/ES/stm32f103c8t6/libopencm3/lib/libopencm3_stm32f1.a(vector.o)
 .debug_macro   0x0000000000000000       0xe8 /home/msis/duggesh/ES/stm32f103c8t6/libopencm3/lib/libopencm3_stm32f1.a(vector.o)

Memory Configuration

Name             Origin             Length             Attributes
rom              0x0000000008000000 0x0000000000010000 xr
ram              0x0000000020000000 0x0000000000005000 xrw
*default*        0x0000000000000000 0xffffffffffffffff

Linker script and memory map

LOAD pwm.o
LOAD rtos/heap_4.o
LOAD rtos/list.o
LOAD rtos/port.o
LOAD rtos/queue.o
LOAD rtos/tasks.o
LOAD rtos/opencm3.o
START GROUP
LOAD /usr/lib/gcc/arm-none-eabi/10.3.1/../../../arm-none-eabi/lib/thumb/v7-m/nofp/libc.a
LOAD /usr/lib/gcc/arm-none-eabi/10.3.1/thumb/v7-m/nofp/libgcc.a
LOAD /usr/lib/gcc/arm-none-eabi/10.3.1/../../../arm-none-eabi/lib/thumb/v7-m/nofp/libnosys.a
END GROUP
LOAD /home/msis/duggesh/ES/stm32f103c8t6//rtos/libwwg/libwwg.a
LOAD /home/msis/duggesh/ES/stm32f103c8t6/libopencm3/lib/libopencm3_stm32f1.a
START GROUP
LOAD /usr/lib/gcc/arm-none-eabi/10.3.1/thumb/v7-m/nofp/libgcc.a
LOAD /usr/lib/gcc/arm-none-eabi/10.3.1/../../../arm-none-eabi/lib/thumb/v7-m/nofp/libc.a
END GROUP
START GROUP
LOAD /usr/lib/gcc/arm-none-eabi/10.3.1/thumb/v7-m/nofp/libgcc.a
LOAD /usr/lib/gcc/arm-none-eabi/10.3.1/../../../arm-none-eabi/lib/thumb/v7-m/nofp/libc.a
LOAD /usr/lib/gcc/arm-none-eabi/10.3.1/../../../arm-none-eabi/lib/thumb/v7-m/nofp/libnosys.a
END GROUP

.text           0x0000000008000000      0x788
 *(.vectors)
 .vectors       0x0000000008000000      0x150 /home/msis/duggesh/ES/stm32f103c8t6/libopencm3/lib/libopencm3_stm32f1.a(vector.o)
                0x0000000008000000                vector_table
 *(.text*)
 .text.startup.main
                0x0000000008000150       0xa4 pwm.o
                0x0000000008000150                main
 .text.vListInsertEnd
                0x00000000080001f4       0x18 rtos/list.o
                0x00000000080001f4                vListInsertEnd
 .text.uxListRemove
                0x000000000800020c       0x1e rtos/list.o
                0x000000000800020c                uxListRemove
 *fill*         0x000000000800022a        0x6 
 .text.vPortSVCHandler
                0x0000000008000230       0x24 rtos/port.o
                0x0000000008000230                vPortSVCHandler
 *fill*         0x0000000008000254        0xc 
 .text.xPortPendSVHandler
                0x0000000008000260       0x44 rtos/port.o
                0x0000000008000260                xPortPendSVHandler
 .text.xPortSysTickHandler
                0x00000000080002a4       0x2c rtos/port.o
                0x00000000080002a4                xPortSysTickHandler
 .text.prvResetNextTaskUnblockTime
                0x00000000080002d0       0x24 rtos/tasks.o
 .text.xTaskIncrementTick
                0x00000000080002f4      0x10c rtos/tasks.o
                0x00000000080002f4                xTaskIncrementTick
 .text.vTaskSwitchContext
                0x0000000008000400       0x60 rtos/tasks.o
                0x0000000008000400                vTaskSwitchContext
 .text.sv_call_handler
                0x0000000008000460        0x4 rtos/opencm3.o
                0x0000000008000460                sv_call_handler
 .text.pend_sv_handler
                0x0000000008000464        0x4 rtos/opencm3.o
                0x0000000008000464                pend_sv_handler
 .text.sys_tick_handler
                0x0000000008000468        0x4 rtos/opencm3.o
                0x0000000008000468                sys_tick_handler
 .text.gpio_set_mode
                0x000000000800046c       0x5e /home/msis/duggesh/ES/stm32f103c8t6/libopencm3/lib/libopencm3_stm32f1.a(gpio.o)
                0x000000000800046c                gpio_set_mode
 .text.rcc_periph_clock_enable
                0x00000000080004ca       0x1c /home/msis/duggesh/ES/stm32f103c8t6/libopencm3/lib/libopencm3_stm32f1.a(rcc_common_all.o)
                0x00000000080004ca                rcc_periph_clock_enable
 .text.timer_enable_counter
                0x00000000080004e6        0xa /home/msis/duggesh/ES/stm32f103c8t6/libopencm3/lib/libopencm3_stm32f1.a(timer_common_all.o)
                0x00000000080004e6                timer_enable_counter
 .text.timer_set_prescaler
                0x00000000080004f0        0x4 /home/msis/duggesh/ES/stm32f103c8t6/libopencm3/lib/libopencm3_stm32f1.a(timer_common_all.o)
                0x00000000080004f0                timer_set_prescaler
 .text.timer_set_period
                0x00000000080004f4        0x4 /home/msis/duggesh/ES/stm32f103c8t6/libopencm3/lib/libopencm3_stm32f1.a(timer_common_all.o)
                0x00000000080004f4                timer_set_period
 .text.timer_set_oc_mode
                0x00000000080004f8      0x18c /home/msis/duggesh/ES/stm32f103c8t6/libopencm3/lib/libopencm3_stm32f1.a(timer_common_all.o)
                0x00000000080004f8                timer_set_oc_mode
 .text.timer_enable_oc_output
                0x0000000008000684       0x4a /home/msis/duggesh/ES/stm32f103c8t6/libopencm3/lib/libopencm3_stm32f1.a(timer_common_all.o)
                0x0000000008000684                timer_enable_oc_output
 .text.timer_set_oc_value
                0x00000000080006ce       0x20 /home/msis/duggesh/ES/stm32f103c8t6/libopencm3/lib/libopencm3_stm32f1.a(timer_common_all.o)
                0x00000000080006ce                timer_set_oc_value
 .text.blocking_handler
                0x00000000080006ee        0x2 /home/msis/duggesh/ES/stm32f103c8t6/libopencm3/lib/libopencm3_stm32f1.a(vector.o)
                0x00000000080006ee                usart3_isr
                0x00000000080006ee                rtc_isr
                0x00000000080006ee                tim7_isr
                0x00000000080006ee                adc1_2_isr
                0x00000000080006ee                tim1_trg_com_isr
                0x00000000080006ee                usb_hp_can_tx_isr
                0x00000000080006ee                tim6_isr
                0x00000000080006ee                usb_wakeup_isr
                0x00000000080006ee                blocking_handler
                0x00000000080006ee                tim5_isr
                0x00000000080006ee                otg_fs_isr
                0x00000000080006ee                spi1_isr
                0x00000000080006ee                exti2_isr
                0x00000000080006ee                dma1_channel6_isr
                0x00000000080006ee                can_rx1_isr
                0x00000000080006ee                dma1_channel5_isr
                0x00000000080006ee                dma2_channel5_isr
                0x00000000080006ee                usart1_isr
                0x00000000080006ee                usage_fault_handler
                0x00000000080006ee                tim8_trg_com_isr
                0x00000000080006ee                can2_rx0_isr
                0x00000000080006ee                tim1_brk_isr
                0x00000000080006ee                can2_rx1_isr
                0x00000000080006ee                tim1_cc_isr
                0x00000000080006ee                sdio_isr
                0x00000000080006ee                eth_isr
                0x00000000080006ee                dma1_channel4_isr
                0x00000000080006ee                tim8_brk_isr
                0x00000000080006ee                dma2_channel4_5_isr
                0x00000000080006ee                pvd_isr
                0x00000000080006ee                rcc_isr
                0x00000000080006ee                flash_isr
                0x00000000080006ee                uart4_isr
                0x00000000080006ee                rtc_alarm_isr
                0x00000000080006ee                exti15_10_isr
                0x00000000080006ee                hard_fault_handler
                0x00000000080006ee                exti1_isr
                0x00000000080006ee                i2c1_ev_isr
                0x00000000080006ee                dma2_channel1_isr
                0x00000000080006ee                spi2_isr
                0x00000000080006ee                tim8_up_isr
                0x00000000080006ee                dma2_channel2_isr
                0x00000000080006ee                exti3_isr
                0x00000000080006ee                adc3_isr
                0x00000000080006ee                tim3_isr
                0x00000000080006ee                usart2_isr
                0x00000000080006ee                usb_lp_can_rx0_isr
                0x00000000080006ee                i2c2_er_isr
                0x00000000080006ee                i2c2_ev_isr
                0x00000000080006ee                uart5_isr
                0x00000000080006ee                fsmc_isr
                0x00000000080006ee                dma1_channel1_isr
                0x00000000080006ee                exti4_isr
                0x00000000080006ee                mem_manage_handler
                0x00000000080006ee                can2_tx_isr
                0x00000000080006ee                exti9_5_isr
                0x00000000080006ee                dma2_channel3_isr
                0x00000000080006ee                dma1_channel7_isr
                0x00000000080006ee                tim1_up_isr
                0x00000000080006ee                can2_sce_isr
                0x00000000080006ee                tim4_isr
                0x00000000080006ee                dma1_channel2_isr
                0x00000000080006ee                i2c1_er_isr
                0x00000000080006ee                can_sce_isr
                0x00000000080006ee                tim8_cc_isr
                0x00000000080006ee                tamper_isr
                0x00000000080006ee                eth_wkup_isr
                0x00000000080006ee                bus_fault_handler
                0x00000000080006ee                wwdg_isr
                0x00000000080006ee                dma1_channel3_isr
                0x00000000080006ee                spi3_isr
                0x00000000080006ee                tim2_isr
                0x00000000080006ee                exti0_isr
 .text.null_handler
                0x00000000080006f0        0x2 /home/msis/duggesh/ES/stm32f103c8t6/libopencm3/lib/libopencm3_stm32f1.a(vector.o)
                0x00000000080006f0                null_handler
                0x00000000080006f0                debug_monitor_handler
                0x00000000080006f0                nmi_handler
 *fill*         0x00000000080006f2        0x2 
 .text.reset_handler
                0x00000000080006f4       0x94 /home/msis/duggesh/ES/stm32f103c8t6/libopencm3/lib/libopencm3_stm32f1.a(vector.o)
                0x00000000080006f4                reset_handler
                0x0000000008000788                . = ALIGN (0x4)
 *(.rodata*)
                0x0000000008000788                . = ALIGN (0x4)

.glue_7         0x0000000008000788        0x0
 .glue_7        0x0000000008000788        0x0 linker stubs

.glue_7t        0x0000000008000788        0x0
 .glue_7t       0x0000000008000788        0x0 linker stubs

.vfp11_veneer   0x0000000008000788        0x0
 .vfp11_veneer  0x0000000008000788        0x0 linker stubs

.v4_bx          0x0000000008000788        0x0
 .v4_bx         0x0000000008000788        0x0 linker stubs

.iplt           0x0000000008000788        0x0
 .iplt          0x0000000008000788        0x0 pwm.o

.rel.dyn        0x0000000008000788        0x0
 .rel.iplt      0x0000000008000788        0x0 pwm.o

.preinit_array  0x0000000008000788        0x0
                0x0000000008000788                . = ALIGN (0x4)
                0x0000000008000788                __preinit_array_start = .
 *(.preinit_array)
                0x0000000008000788                __preinit_array_end = .

.init_array     0x0000000008000788        0x0
                0x0000000008000788                . = ALIGN (0x4)
                0x0000000008000788                __init_array_start = .
 *(SORT_BY_NAME(.init_array.*))
 *(.init_array)
                0x0000000008000788                __init_array_end = .

.fini_array     0x0000000008000788        0x0
                0x0000000008000788                . = ALIGN (0x4)
                0x0000000008000788                __fini_array_start = .
 *(.fini_array)
 *(SORT_BY_NAME(.fini_array.*))
                0x0000000008000788                __fini_array_end = .

.ARM.extab
 *(.ARM.extab*)

.ARM.exidx      0x0000000008000788        0x0
                0x0000000008000788                __exidx_start = .
 *(.ARM.exidx*)
                0x0000000008000788                __exidx_end = .
                0x0000000008000788                . = ALIGN (0x4)
                0x0000000008000788                _etext = .

.data           0x0000000020000000        0x0 load address 0x0000000008000788
                0x0000000020000000                _data = .
 *(.data*)
                0x0000000020000000                . = ALIGN (0x4)
                0x0000000020000000                _edata = .
                0x0000000008000788                _data_loadaddr = LOADADDR (.data)

.igot.plt       0x0000000020000000        0x0 load address 0x0000000008000788
 .igot.plt      0x0000000020000000        0x0 pwm.o

.bss            0x0000000020000000       0x8c load address 0x0000000008000788
 *(.bss*)
 .bss.pxCurrentTCB
                0x0000000020000000        0x4 rtos/tasks.o
                0x0000000020000000                pxCurrentTCB
 .bss.pxDelayedTaskList
                0x0000000020000004        0x4 rtos/tasks.o
 .bss.pxOverflowDelayedTaskList
                0x0000000020000008        0x4 rtos/tasks.o
 .bss.pxReadyTasksLists
                0x000000002000000c       0x64 rtos/tasks.o
 .bss.uxPendedTicks
                0x0000000020000070        0x4 rtos/tasks.o
 .bss.uxSchedulerSuspended
                0x0000000020000074        0x4 rtos/tasks.o
 .bss.uxTopReadyPriority
                0x0000000020000078        0x4 rtos/tasks.o
 .bss.xNextTaskUnblockTime
                0x000000002000007c        0x4 rtos/tasks.o
 .bss.xNumOfOverflows
                0x0000000020000080        0x4 rtos/tasks.o
 .bss.xTickCount
                0x0000000020000084        0x4 rtos/tasks.o
 .bss.xYieldPending
                0x0000000020000088        0x4 rtos/tasks.o
 *(COMMON)
                0x000000002000008c                . = ALIGN (0x4)
                0x000000002000008c                _ebss = .

/DISCARD/
 *(.eh_frame)
                0x000000002000008c                . = ALIGN (0x4)
                0x000000002000008c                end = .
                0x0000000020005000                PROVIDE (_stack = (ORIGIN (ram) + LENGTH (ram)))
OUTPUT(pwm.elf elf32-littlearm)
LOAD linker stubs

.debug_info     0x0000000000000000     0x492b
 .debug_info    0x0000000000000000      0x50d pwm.o
 .debug_info    0x000000000000050d      0x2c2 rtos/list.o
 .debug_info    0x00000000000007cf      0x31c rtos/port.o
 .debug_info    0x0000000000000aeb     0x2148 rtos/tasks.o
 .debug_info    0x0000000000002c33       0xf7 rtos/opencm3.o
 .debug_info    0x0000000000002d2a      0x1ec /home/msis/duggesh/ES/stm32f103c8t6/libopencm3/lib/libopencm3_stm32f1.a(gpio.o)
 .debug_info    0x0000000000002f16      0x619 /home/msis/duggesh/ES/stm32f103c8t6/libopencm3/lib/libopencm3_stm32f1.a(rcc_common_all.o)
 .debug_info    0x000000000000352f     0x112b /home/msis/duggesh/ES/stm32f103c8t6/libopencm3/lib/libopencm3_stm32f1.a(timer_common_all.o)
 .debug_info    0x000000000000465a      0x2d1 /home/msis/duggesh/ES/stm32f103c8t6/libopencm3/lib/libopencm3_stm32f1.a(vector.o)

.debug_abbrev   0x0000000000000000      0xe1a
 .debug_abbrev  0x0000000000000000      0x141 pwm.o
 .debug_abbrev  0x0000000000000141       0xff rtos/list.o
 .debug_abbrev  0x0000000000000240      0x223 rtos/port.o
 .debug_abbrev  0x0000000000000463      0x421 rtos/tasks.o
 .debug_abbrev  0x0000000000000884       0x67 rtos/opencm3.o
 .debug_abbrev  0x00000000000008eb       0xd0 /home/msis/duggesh/ES/stm32f103c8t6/libopencm3/lib/libopencm3_stm32f1.a(gpio.o)
 .debug_abbrev  0x00000000000009bb      0x17c /home/msis/duggesh/ES/stm32f103c8t6/libopencm3/lib/libopencm3_stm32f1.a(rcc_common_all.o)
 .debug_abbrev  0x0000000000000b37      0x19e /home/msis/duggesh/ES/stm32f103c8t6/libopencm3/lib/libopencm3_stm32f1.a(timer_common_all.o)
 .debug_abbrev  0x0000000000000cd5      0x145 /home/msis/duggesh/ES/stm32f103c8t6/libopencm3/lib/libopencm3_stm32f1.a(vector.o)

.debug_loc      0x0000000000000000     0x2048
 .debug_loc     0x0000000000000000      0x104 pwm.o
 .debug_loc     0x0000000000000104       0xaf rtos/list.o
 .debug_loc     0x00000000000001b3       0xbe rtos/port.o
 .debug_loc     0x0000000000000271     0x1745 rtos/tasks.o
 .debug_loc     0x00000000000019b6      0x14c /home/msis/duggesh/ES/stm32f103c8t6/libopencm3/lib/libopencm3_stm32f1.a(gpio.o)
 .debug_loc     0x0000000000001b02       0x94 /home/msis/duggesh/ES/stm32f103c8t6/libopencm3/lib/libopencm3_stm32f1.a(rcc_common_all.o)
 .debug_loc     0x0000000000001b96      0x38a /home/msis/duggesh/ES/stm32f103c8t6/libopencm3/lib/libopencm3_stm32f1.a(timer_common_all.o)
 .debug_loc     0x0000000000001f20      0x128 /home/msis/duggesh/ES/stm32f103c8t6/libopencm3/lib/libopencm3_stm32f1.a(vector.o)

.debug_aranges  0x0000000000000000      0x590
 .debug_aranges
                0x0000000000000000       0x20 pwm.o
 .debug_aranges
                0x0000000000000020       0x40 rtos/list.o
 .debug_aranges
                0x0000000000000060       0x70 rtos/port.o
 .debug_aranges
                0x00000000000000d0      0x158 rtos/tasks.o
 .debug_aranges
                0x0000000000000228       0x30 rtos/opencm3.o
 .debug_aranges
                0x0000000000000258       0x38 /home/msis/duggesh/ES/stm32f103c8t6/libopencm3/lib/libopencm3_stm32f1.a(gpio.o)
 .debug_aranges
                0x0000000000000290       0x60 /home/msis/duggesh/ES/stm32f103c8t6/libopencm3/lib/libopencm3_stm32f1.a(rcc_common_all.o)
 .debug_aranges
                0x00000000000002f0      0x270 /home/msis/duggesh/ES/stm32f103c8t6/libopencm3/lib/libopencm3_stm32f1.a(timer_common_all.o)
 .debug_aranges
                0x0000000000000560       0x30 /home/msis/duggesh/ES/stm32f103c8t6/libopencm3/lib/libopencm3_stm32f1.a(vector.o)

.debug_ranges   0x0000000000000000      0x6f8
 .debug_ranges  0x0000000000000000       0x78 pwm.o
 .debug_ranges  0x0000000000000078       0x30 rtos/list.o
 .debug_ranges  0x00000000000000a8       0x78 rtos/port.o
 .debug_ranges  0x0000000000000120      0x2c0 rtos/tasks.o
 .debug_ranges  0x00000000000003e0       0x20 rtos/opencm3.o
 .debug_ranges  0x0000000000000400       0x28 /home/msis/duggesh/ES/stm32f103c8t6/libopencm3/lib/libopencm3_stm32f1.a(gpio.o)
 .debug_ranges  0x0000000000000428       0x50 /home/msis/duggesh/ES/stm32f103c8t6/libopencm3/lib/libopencm3_stm32f1.a(rcc_common_all.o)
 .debug_ranges  0x0000000000000478      0x260 /home/msis/duggesh/ES/stm32f103c8t6/libopencm3/lib/libopencm3_stm32f1.a(timer_common_all.o)
 .debug_ranges  0x00000000000006d8       0x20 /home/msis/duggesh/ES/stm32f103c8t6/libopencm3/lib/libopencm3_stm32f1.a(vector.o)

.debug_line     0x0000000000000000     0x36a2
 .debug_line    0x0000000000000000      0x226 pwm.o
 .debug_line    0x0000000000000226      0x218 rtos/list.o
 .debug_line    0x000000000000043e      0x2af rtos/port.o
 .debug_line    0x00000000000006ed     0x1790 rtos/tasks.o
 .debug_line    0x0000000000001e7d       0x6b rtos/opencm3.o
 .debug_line    0x0000000000001ee8      0x271 /home/msis/duggesh/ES/stm32f103c8t6/libopencm3/lib/libopencm3_stm32f1.a(gpio.o)
 .debug_line    0x0000000000002159      0x2da /home/msis/duggesh/ES/stm32f103c8t6/libopencm3/lib/libopencm3_stm32f1.a(rcc_common_all.o)
 .debug_line    0x0000000000002433      0xf69 /home/msis/duggesh/ES/stm32f103c8t6/libopencm3/lib/libopencm3_stm32f1.a(timer_common_all.o)
 .debug_line    0x000000000000339c      0x306 /home/msis/duggesh/ES/stm32f103c8t6/libopencm3/lib/libopencm3_stm32f1.a(vector.o)

.debug_str      0x0000000000000000    0x12a0a
 .debug_str     0x0000000000000000      0x4ac pwm.o
                                        0x535 (size before relaxing)
 .debug_str     0x00000000000004ac      0x149 rtos/list.o
                                        0x2be (size before relaxing)
 .debug_str     0x00000000000005f5      0x183 rtos/port.o
                                        0x318 (size before relaxing)
 .debug_str     0x0000000000000778      0xa19 rtos/tasks.o
                                        0xdad (size before relaxing)
 .debug_str     0x0000000000001191       0x40 rtos/opencm3.o
                                        0x1e1 (size before relaxing)
 .debug_str     0x00000000000011d1     0x7fa8 /home/msis/duggesh/ES/stm32f103c8t6/libopencm3/lib/libopencm3_stm32f1.a(gpio.o)
                                       0x8138 (size before relaxing)
 .debug_str     0x0000000000009179     0x29cc /home/msis/duggesh/ES/stm32f103c8t6/libopencm3/lib/libopencm3_stm32f1.a(rcc_common_all.o)
                                       0x749b (size before relaxing)
 .debug_str     0x000000000000bb45     0x4a36 /home/msis/duggesh/ES/stm32f103c8t6/libopencm3/lib/libopencm3_stm32f1.a(timer_common_all.o)
                                       0xba42 (size before relaxing)
 .debug_str     0x000000000001057b     0x248f /home/msis/duggesh/ES/stm32f103c8t6/libopencm3/lib/libopencm3_stm32f1.a(vector.o)
                                       0x6187 (size before relaxing)

.comment        0x0000000000000000       0x33
 .comment       0x0000000000000000       0x33 pwm.o
                                         0x34 (size before relaxing)
 .comment       0x0000000000000033       0x34 rtos/list.o
 .comment       0x0000000000000033       0x34 rtos/port.o
 .comment       0x0000000000000033       0x34 rtos/tasks.o
 .comment       0x0000000000000033       0x34 rtos/opencm3.o
 .comment       0x0000000000000033       0x34 /home/msis/duggesh/ES/stm32f103c8t6/libopencm3/lib/libopencm3_stm32f1.a(gpio.o)
 .comment       0x0000000000000033       0x34 /home/msis/duggesh/ES/stm32f103c8t6/libopencm3/lib/libopencm3_stm32f1.a(rcc_common_all.o)
 .comment       0x0000000000000033       0x34 /home/msis/duggesh/ES/stm32f103c8t6/libopencm3/lib/libopencm3_stm32f1.a(timer_common_all.o)
 .comment       0x0000000000000033       0x34 /home/msis/duggesh/ES/stm32f103c8t6/libopencm3/lib/libopencm3_stm32f1.a(vector.o)

.ARM.attributes
                0x0000000000000000       0x2b
 .ARM.attributes
                0x0000000000000000       0x2d pwm.o
 .ARM.attributes
                0x000000000000002d       0x2d rtos/list.o
 .ARM.attributes
                0x000000000000005a       0x2d rtos/port.o
 .ARM.attributes
                0x0000000000000087       0x2d rtos/tasks.o
 .ARM.attributes
                0x00000000000000b4       0x2d rtos/opencm3.o
 .ARM.attributes
                0x00000000000000e1       0x2d /home/msis/duggesh/ES/stm32f103c8t6/libopencm3/lib/libopencm3_stm32f1.a(gpio.o)
 .ARM.attributes
                0x000000000000010e       0x2d /home/msis/duggesh/ES/stm32f103c8t6/libopencm3/lib/libopencm3_stm32f1.a(rcc_common_all.o)
 .ARM.attributes
                0x000000000000013b       0x2d /home/msis/duggesh/ES/stm32f103c8t6/libopencm3/lib/libopencm3_stm32f1.a(timer_common_all.o)
 .ARM.attributes
                0x0000000000000168       0x2d /home/msis/duggesh/ES/stm32f103c8t6/libopencm3/lib/libopencm3_stm32f1.a(vector.o)

.debug_frame    0x0000000000000000      0xc88
 .debug_frame   0x0000000000000000       0x2c pwm.o
 .debug_frame   0x000000000000002c       0x6c rtos/list.o
 .debug_frame   0x0000000000000098       0xd0 rtos/port.o
 .debug_frame   0x0000000000000168      0x47c rtos/tasks.o
 .debug_frame   0x00000000000005e4       0x40 rtos/opencm3.o
 .debug_frame   0x0000000000000624       0x60 /home/msis/duggesh/ES/stm32f103c8t6/libopencm3/lib/libopencm3_stm32f1.a(gpio.o)
 .debug_frame   0x0000000000000684       0xe0 /home/msis/duggesh/ES/stm32f103c8t6/libopencm3/lib/libopencm3_stm32f1.a(rcc_common_all.o)
 .debug_frame   0x0000000000000764      0x4d8 /home/msis/duggesh/ES/stm32f103c8t6/libopencm3/lib/libopencm3_stm32f1.a(timer_common_all.o)
 .debug_frame   0x0000000000000c3c       0x4c /home/msis/duggesh/ES/stm32f103c8t6/libopencm3/lib/libopencm3_stm32f1.a(vector.o)

.debug_macro    0x0000000000000000     0x3f92
 .debug_macro   0x0000000000000000       0x6f /home/msis/duggesh/ES/stm32f103c8t6/libopencm3/lib/libopencm3_stm32f1.a(gpio.o)
 .debug_macro   0x000000000000006f      0xa60 /home/msis/duggesh/ES/stm32f103c8t6/libopencm3/lib/libopencm3_stm32f1.a(gpio.o)
 .debug_macro   0x0000000000000acf       0x1c /home/msis/duggesh/ES/stm32f103c8t6/libopencm3/lib/libopencm3_stm32f1.a(gpio.o)
 .debug_macro   0x0000000000000aeb      0x34e /home/msis/duggesh/ES/stm32f103c8t6/libopencm3/lib/libopencm3_stm32f1.a(gpio.o)
 .debug_macro   0x0000000000000e39       0x22 /home/msis/duggesh/ES/stm32f103c8t6/libopencm3/lib/libopencm3_stm32f1.a(gpio.o)
 .debug_macro   0x0000000000000e5b       0xe8 /home/msis/duggesh/ES/stm32f103c8t6/libopencm3/lib/libopencm3_stm32f1.a(gpio.o)
 .debug_macro   0x0000000000000f43       0x76 /home/msis/duggesh/ES/stm32f103c8t6/libopencm3/lib/libopencm3_stm32f1.a(gpio.o)
 .debug_macro   0x0000000000000fb9      0x1b4 /home/msis/duggesh/ES/stm32f103c8t6/libopencm3/lib/libopencm3_stm32f1.a(gpio.o)
 .debug_macro   0x000000000000116d       0x76 /home/msis/duggesh/ES/stm32f103c8t6/libopencm3/lib/libopencm3_stm32f1.a(gpio.o)
 .debug_macro   0x00000000000011e3      0xe2e /home/msis/duggesh/ES/stm32f103c8t6/libopencm3/lib/libopencm3_stm32f1.a(gpio.o)
 .debug_macro   0x0000000000002011       0x85 /home/msis/duggesh/ES/stm32f103c8t6/libopencm3/lib/libopencm3_stm32f1.a(rcc_common_all.o)
 .debug_macro   0x0000000000002096      0x8c6 /home/msis/duggesh/ES/stm32f103c8t6/libopencm3/lib/libopencm3_stm32f1.a(rcc_common_all.o)
 .debug_macro   0x000000000000295c       0x7c /home/msis/duggesh/ES/stm32f103c8t6/libopencm3/lib/libopencm3_stm32f1.a(timer_common_all.o)
 .debug_macro   0x00000000000029d8      0xf8f /home/msis/duggesh/ES/stm32f103c8t6/libopencm3/lib/libopencm3_stm32f1.a(timer_common_all.o)
 .debug_macro   0x0000000000003967       0x86 /home/msis/duggesh/ES/stm32f103c8t6/libopencm3/lib/libopencm3_stm32f1.a(vector.o)
 .debug_macro   0x00000000000039ed      0x395 /home/msis/duggesh/ES/stm32f103c8t6/libopencm3/lib/libopencm3_stm32f1.a(vector.o)
 .debug_macro   0x0000000000003d82       0x6e /home/msis/duggesh/ES/stm32f103c8t6/libopencm3/lib/libopencm3_stm32f1.a(vector.o)
 .debug_macro   0x0000000000003df0      0x1a2 /home/msis/duggesh/ES/stm32f103c8t6/libopencm3/lib/libopencm3_stm32f1.a(vector.o)
