Archive member included to satisfy reference by file (symbol)

/usr/lib/gcc/arm-none-eabi/10.3.1/../../../arm-none-eabi/lib/thumb/v7-m/nofp/libc.a(lib_a-memcpy.o)
                              rtos/queue.o (memcpy)
/home/msis/duggesh/ES/stm32f103c8t6/libopencm3/lib/libopencm3_stm32f1.a(gpio.o)
                              main.o (gpio_set_mode)
/home/msis/duggesh/ES/stm32f103c8t6/libopencm3/lib/libopencm3_stm32f1.a(gpio_common_all.o)
                              main.o (gpio_set)
/home/msis/duggesh/ES/stm32f103c8t6/libopencm3/lib/libopencm3_stm32f1.a(rcc.o)
                              main.o (rcc_clock_setup_in_hse_8mhz_out_72mhz)
/home/msis/duggesh/ES/stm32f103c8t6/libopencm3/lib/libopencm3_stm32f1.a(rcc_common_all.o)
                              main.o (rcc_periph_clock_enable)
/home/msis/duggesh/ES/stm32f103c8t6/libopencm3/lib/libopencm3_stm32f1.a(timer_common_all.o)
                              main.o (timer_get_flag)
/home/msis/duggesh/ES/stm32f103c8t6/libopencm3/lib/libopencm3_stm32f1.a(vector.o)
                              (reset_handler)
/home/msis/duggesh/ES/stm32f103c8t6/libopencm3/lib/libopencm3_stm32f1.a(assert.o)
                              /home/msis/duggesh/ES/stm32f103c8t6/libopencm3/lib/libopencm3_stm32f1.a(rcc.o) (cm3_assert_failed)
/home/msis/duggesh/ES/stm32f103c8t6/libopencm3/lib/libopencm3_stm32f1.a(flash_common_all.o)
                              /home/msis/duggesh/ES/stm32f103c8t6/libopencm3/lib/libopencm3_stm32f1.a(rcc.o) (flash_set_ws)

Discarded input sections

 .text          0x0000000000000000        0x0 main.o
 .data          0x0000000000000000        0x0 main.o
 .bss           0x0000000000000000        0x0 main.o
 .text          0x0000000000000000        0x0 rtos/heap_4.o
 .data          0x0000000000000000        0x0 rtos/heap_4.o
 .bss           0x0000000000000000        0x0 rtos/heap_4.o
 .text.xPortGetFreeHeapSize
                0x0000000000000000        0xc rtos/heap_4.o
 .text.xPortGetMinimumEverFreeHeapSize
                0x0000000000000000        0xc rtos/heap_4.o
 .text.vPortInitialiseBlocks
                0x0000000000000000        0x2 rtos/heap_4.o
 .text          0x0000000000000000        0x0 rtos/list.o
 .data          0x0000000000000000        0x0 rtos/list.o
 .bss           0x0000000000000000        0x0 rtos/list.o
 .text          0x0000000000000000        0x0 rtos/port.o
 .data          0x0000000000000000        0x0 rtos/port.o
 .bss           0x0000000000000000        0x0 rtos/port.o
 .text.vPortEndScheduler
                0x0000000000000000        0x2 rtos/port.o
 .text          0x0000000000000000        0x0 rtos/queue.o
 .data          0x0000000000000000        0x0 rtos/queue.o
 .bss           0x0000000000000000        0x0 rtos/queue.o
 .text.prvCopyDataToQueue
                0x0000000000000000       0x6a rtos/queue.o
 .text.prvCopyDataFromQueue
                0x0000000000000000       0x28 rtos/queue.o
 .text.prvUnlockQueue
                0x0000000000000000       0x70 rtos/queue.o
 .text.xQueueGenericReset
                0x0000000000000000       0x6a rtos/queue.o
 .text.xQueueGenericCreate
                0x0000000000000000       0x2e rtos/queue.o
 .text.xQueueGenericSend
                0x0000000000000000      0x104 rtos/queue.o
 .text.xQueueCreateMutex
                0x0000000000000000       0x24 rtos/queue.o
 .text.xQueueGenericSendFromISR
                0x0000000000000000       0x68 rtos/queue.o
 .text.xQueueGiveFromISR
                0x0000000000000000       0x5c rtos/queue.o
 .text.xQueueGenericReceive
                0x0000000000000000      0x138 rtos/queue.o
 .text.xQueueReceiveFromISR
                0x0000000000000000       0x68 rtos/queue.o
 .text.xQueuePeekFromISR
                0x0000000000000000       0x30 rtos/queue.o
 .text.uxQueueMessagesWaiting
                0x0000000000000000       0x12 rtos/queue.o
 .text.uxQueueSpacesAvailable
                0x0000000000000000       0x16 rtos/queue.o
 .text.uxQueueMessagesWaitingFromISR
                0x0000000000000000        0x4 rtos/queue.o
 .text.vQueueDelete
                0x0000000000000000        0x4 rtos/queue.o
 .text.xQueueIsQueueEmptyFromISR
                0x0000000000000000        0xa rtos/queue.o
 .text.xQueueIsQueueFullFromISR
                0x0000000000000000        0xc rtos/queue.o
 .debug_info    0x0000000000000000     0x1495 rtos/queue.o
 .debug_abbrev  0x0000000000000000      0x2c6 rtos/queue.o
 .debug_loc     0x0000000000000000     0x106a rtos/queue.o
 .debug_aranges
                0x0000000000000000       0xa8 rtos/queue.o
 .debug_ranges  0x0000000000000000      0x208 rtos/queue.o
 .debug_line    0x0000000000000000      0xb5d rtos/queue.o
 .debug_str     0x0000000000000000      0x7cb rtos/queue.o
 .comment       0x0000000000000000       0x34 rtos/queue.o
 .debug_frame   0x0000000000000000      0x208 rtos/queue.o
 .ARM.attributes
                0x0000000000000000       0x2d rtos/queue.o
 .text          0x0000000000000000        0x0 rtos/tasks.o
 .data          0x0000000000000000        0x0 rtos/tasks.o
 .bss           0x0000000000000000        0x0 rtos/tasks.o
 .text.vTaskDelete
                0x0000000000000000       0xbc rtos/tasks.o
 .text.uxTaskPriorityGet
                0x0000000000000000       0x1c rtos/tasks.o
 .text.uxTaskPriorityGetFromISR
                0x0000000000000000       0x28 rtos/tasks.o
 .text.vTaskPrioritySet
                0x0000000000000000       0xc8 rtos/tasks.o
 .text.vTaskResume
                0x0000000000000000       0x88 rtos/tasks.o
 .text.xTaskResumeFromISR
                0x0000000000000000       0x90 rtos/tasks.o
 .text.vTaskEndScheduler
                0x0000000000000000       0x20 rtos/tasks.o
 .text.xTaskGetTickCount
                0x0000000000000000        0xc rtos/tasks.o
 .text.xTaskGetTickCountFromISR
                0x0000000000000000        0xc rtos/tasks.o
 .text.uxTaskGetNumberOfTasks
                0x0000000000000000        0xc rtos/tasks.o
 .text.pcTaskGetName
                0x0000000000000000       0x10 rtos/tasks.o
 .text.vTaskDelayUntil
                0x0000000000000000       0x4c rtos/tasks.o
 .text.vTaskSuspend
                0x0000000000000000       0xac rtos/tasks.o
 .text.vTaskPlaceOnEventList
                0x0000000000000000       0x20 rtos/tasks.o
 .text.vTaskPlaceOnUnorderedEventList
                0x0000000000000000       0x28 rtos/tasks.o
 .text.xTaskRemoveFromEventList
                0x0000000000000000       0x70 rtos/tasks.o
 .text.xTaskRemoveFromUnorderedEventList
                0x0000000000000000       0x5c rtos/tasks.o
 .text.vTaskSetTimeOutState
                0x0000000000000000       0x18 rtos/tasks.o
 .text.xTaskCheckForTimeOut
                0x0000000000000000       0x4c rtos/tasks.o
 .text.vTaskMissedYield
                0x0000000000000000        0xc rtos/tasks.o
 .text.xTaskGetCurrentTaskHandle
                0x0000000000000000        0xc rtos/tasks.o
 .text.vTaskPriorityInherit
                0x0000000000000000       0x94 rtos/tasks.o
 .text.xTaskPriorityDisinherit
                0x0000000000000000       0x70 rtos/tasks.o
 .text.uxTaskResetEventItemValue
                0x0000000000000000       0x18 rtos/tasks.o
 .text.pvTaskIncrementMutexHeldCount
                0x0000000000000000       0x18 rtos/tasks.o
 .text.ulTaskNotifyTake
                0x0000000000000000       0x64 rtos/tasks.o
 .text.xTaskNotifyWait
                0x0000000000000000       0x88 rtos/tasks.o
 .text.xTaskGenericNotify
                0x0000000000000000       0xa4 rtos/tasks.o
 .text.xTaskGenericNotifyFromISR
                0x0000000000000000       0xc4 rtos/tasks.o
 .text.vTaskNotifyGiveFromISR
                0x0000000000000000       0xa0 rtos/tasks.o
 .text.xTaskNotifyStateClear
                0x0000000000000000       0x2c rtos/tasks.o
 .text          0x0000000000000000        0x0 rtos/opencm3.o
 .data          0x0000000000000000        0x0 rtos/opencm3.o
 .bss           0x0000000000000000        0x0 rtos/opencm3.o
 .text          0x0000000000000000       0xec /usr/lib/gcc/arm-none-eabi/10.3.1/../../../arm-none-eabi/lib/thumb/v7-m/nofp/libc.a(lib_a-memcpy.o)
 .data          0x0000000000000000        0x0 /usr/lib/gcc/arm-none-eabi/10.3.1/../../../arm-none-eabi/lib/thumb/v7-m/nofp/libc.a(lib_a-memcpy.o)
 .bss           0x0000000000000000        0x0 /usr/lib/gcc/arm-none-eabi/10.3.1/../../../arm-none-eabi/lib/thumb/v7-m/nofp/libc.a(lib_a-memcpy.o)
 .debug_line    0x0000000000000000       0xc1 /usr/lib/gcc/arm-none-eabi/10.3.1/../../../arm-none-eabi/lib/thumb/v7-m/nofp/libc.a(lib_a-memcpy.o)
 .debug_info    0x0000000000000000       0x26 /usr/lib/gcc/arm-none-eabi/10.3.1/../../../arm-none-eabi/lib/thumb/v7-m/nofp/libc.a(lib_a-memcpy.o)
 .debug_abbrev  0x0000000000000000       0x14 /usr/lib/gcc/arm-none-eabi/10.3.1/../../../arm-none-eabi/lib/thumb/v7-m/nofp/libc.a(lib_a-memcpy.o)
 .debug_aranges
                0x0000000000000000       0x20 /usr/lib/gcc/arm-none-eabi/10.3.1/../../../arm-none-eabi/lib/thumb/v7-m/nofp/libc.a(lib_a-memcpy.o)
 .debug_str     0x0000000000000000       0xad /usr/lib/gcc/arm-none-eabi/10.3.1/../../../arm-none-eabi/lib/thumb/v7-m/nofp/libc.a(lib_a-memcpy.o)
 .ARM.attributes
                0x0000000000000000       0x1b /usr/lib/gcc/arm-none-eabi/10.3.1/../../../arm-none-eabi/lib/thumb/v7-m/nofp/libc.a(lib_a-memcpy.o)
 .group         0x0000000000000000        0xc /home/msis/duggesh/ES/stm32f103c8t6/libopencm3/lib/libopencm3_stm32f1.a(gpio.o)
 .group         0x0000000000000000        0xc /home/msis/duggesh/ES/stm32f103c8t6/libopencm3/lib/libopencm3_stm32f1.a(gpio.o)
 .group         0x0000000000000000        0xc /home/msis/duggesh/ES/stm32f103c8t6/libopencm3/lib/libopencm3_stm32f1.a(gpio.o)
 .group         0x0000000000000000        0xc /home/msis/duggesh/ES/stm32f103c8t6/libopencm3/lib/libopencm3_stm32f1.a(gpio.o)
 .group         0x0000000000000000        0xc /home/msis/duggesh/ES/stm32f103c8t6/libopencm3/lib/libopencm3_stm32f1.a(gpio.o)
 .group         0x0000000000000000        0xc /home/msis/duggesh/ES/stm32f103c8t6/libopencm3/lib/libopencm3_stm32f1.a(gpio.o)
 .group         0x0000000000000000        0xc /home/msis/duggesh/ES/stm32f103c8t6/libopencm3/lib/libopencm3_stm32f1.a(gpio.o)
 .group         0x0000000000000000        0xc /home/msis/duggesh/ES/stm32f103c8t6/libopencm3/lib/libopencm3_stm32f1.a(gpio.o)
 .group         0x0000000000000000        0xc /home/msis/duggesh/ES/stm32f103c8t6/libopencm3/lib/libopencm3_stm32f1.a(gpio.o)
 .text          0x0000000000000000        0x0 /home/msis/duggesh/ES/stm32f103c8t6/libopencm3/lib/libopencm3_stm32f1.a(gpio.o)
 .data          0x0000000000000000        0x0 /home/msis/duggesh/ES/stm32f103c8t6/libopencm3/lib/libopencm3_stm32f1.a(gpio.o)
 .bss           0x0000000000000000        0x0 /home/msis/duggesh/ES/stm32f103c8t6/libopencm3/lib/libopencm3_stm32f1.a(gpio.o)
 .text.gpio_set_eventout
                0x0000000000000000       0x10 /home/msis/duggesh/ES/stm32f103c8t6/libopencm3/lib/libopencm3_stm32f1.a(gpio.o)
 .text.gpio_primary_remap
                0x0000000000000000       0x14 /home/msis/duggesh/ES/stm32f103c8t6/libopencm3/lib/libopencm3_stm32f1.a(gpio.o)
 .text.gpio_secondary_remap
                0x0000000000000000       0x10 /home/msis/duggesh/ES/stm32f103c8t6/libopencm3/lib/libopencm3_stm32f1.a(gpio.o)
 .group         0x0000000000000000        0xc /home/msis/duggesh/ES/stm32f103c8t6/libopencm3/lib/libopencm3_stm32f1.a(gpio_common_all.o)
 .group         0x0000000000000000        0xc /home/msis/duggesh/ES/stm32f103c8t6/libopencm3/lib/libopencm3_stm32f1.a(gpio_common_all.o)
 .group         0x0000000000000000        0xc /home/msis/duggesh/ES/stm32f103c8t6/libopencm3/lib/libopencm3_stm32f1.a(gpio_common_all.o)
 .group         0x0000000000000000        0xc /home/msis/duggesh/ES/stm32f103c8t6/libopencm3/lib/libopencm3_stm32f1.a(gpio_common_all.o)
 .group         0x0000000000000000        0xc /home/msis/duggesh/ES/stm32f103c8t6/libopencm3/lib/libopencm3_stm32f1.a(gpio_common_all.o)
 .group         0x0000000000000000        0xc /home/msis/duggesh/ES/stm32f103c8t6/libopencm3/lib/libopencm3_stm32f1.a(gpio_common_all.o)
 .group         0x0000000000000000        0xc /home/msis/duggesh/ES/stm32f103c8t6/libopencm3/lib/libopencm3_stm32f1.a(gpio_common_all.o)
 .group         0x0000000000000000        0xc /home/msis/duggesh/ES/stm32f103c8t6/libopencm3/lib/libopencm3_stm32f1.a(gpio_common_all.o)
 .group         0x0000000000000000        0xc /home/msis/duggesh/ES/stm32f103c8t6/libopencm3/lib/libopencm3_stm32f1.a(gpio_common_all.o)
 .text          0x0000000000000000        0x0 /home/msis/duggesh/ES/stm32f103c8t6/libopencm3/lib/libopencm3_stm32f1.a(gpio_common_all.o)
 .data          0x0000000000000000        0x0 /home/msis/duggesh/ES/stm32f103c8t6/libopencm3/lib/libopencm3_stm32f1.a(gpio_common_all.o)
 .bss           0x0000000000000000        0x0 /home/msis/duggesh/ES/stm32f103c8t6/libopencm3/lib/libopencm3_stm32f1.a(gpio_common_all.o)
 .text.gpio_get
                0x0000000000000000        0x6 /home/msis/duggesh/ES/stm32f103c8t6/libopencm3/lib/libopencm3_stm32f1.a(gpio_common_all.o)
 .text.gpio_toggle
                0x0000000000000000       0x12 /home/msis/duggesh/ES/stm32f103c8t6/libopencm3/lib/libopencm3_stm32f1.a(gpio_common_all.o)
 .text.gpio_port_read
                0x0000000000000000        0x6 /home/msis/duggesh/ES/stm32f103c8t6/libopencm3/lib/libopencm3_stm32f1.a(gpio_common_all.o)
 .text.gpio_port_write
                0x0000000000000000        0x4 /home/msis/duggesh/ES/stm32f103c8t6/libopencm3/lib/libopencm3_stm32f1.a(gpio_common_all.o)
 .text.gpio_port_config_lock
                0x0000000000000000       0x10 /home/msis/duggesh/ES/stm32f103c8t6/libopencm3/lib/libopencm3_stm32f1.a(gpio_common_all.o)
 .debug_macro   0x0000000000000000      0xa60 /home/msis/duggesh/ES/stm32f103c8t6/libopencm3/lib/libopencm3_stm32f1.a(gpio_common_all.o)
 .debug_macro   0x0000000000000000       0x1c /home/msis/duggesh/ES/stm32f103c8t6/libopencm3/lib/libopencm3_stm32f1.a(gpio_common_all.o)
 .debug_macro   0x0000000000000000      0x34e /home/msis/duggesh/ES/stm32f103c8t6/libopencm3/lib/libopencm3_stm32f1.a(gpio_common_all.o)
 .debug_macro   0x0000000000000000       0x22 /home/msis/duggesh/ES/stm32f103c8t6/libopencm3/lib/libopencm3_stm32f1.a(gpio_common_all.o)
 .debug_macro   0x0000000000000000       0xe8 /home/msis/duggesh/ES/stm32f103c8t6/libopencm3/lib/libopencm3_stm32f1.a(gpio_common_all.o)
 .debug_macro   0x0000000000000000       0x76 /home/msis/duggesh/ES/stm32f103c8t6/libopencm3/lib/libopencm3_stm32f1.a(gpio_common_all.o)
 .debug_macro   0x0000000000000000      0x1b4 /home/msis/duggesh/ES/stm32f103c8t6/libopencm3/lib/libopencm3_stm32f1.a(gpio_common_all.o)
 .debug_macro   0x0000000000000000       0x76 /home/msis/duggesh/ES/stm32f103c8t6/libopencm3/lib/libopencm3_stm32f1.a(gpio_common_all.o)
 .debug_macro   0x0000000000000000      0xe2e /home/msis/duggesh/ES/stm32f103c8t6/libopencm3/lib/libopencm3_stm32f1.a(gpio_common_all.o)
 .group         0x0000000000000000        0xc /home/msis/duggesh/ES/stm32f103c8t6/libopencm3/lib/libopencm3_stm32f1.a(rcc.o)
 .group         0x0000000000000000        0xc /home/msis/duggesh/ES/stm32f103c8t6/libopencm3/lib/libopencm3_stm32f1.a(rcc.o)
 .group         0x0000000000000000        0xc /home/msis/duggesh/ES/stm32f103c8t6/libopencm3/lib/libopencm3_stm32f1.a(rcc.o)
 .group         0x0000000000000000        0xc /home/msis/duggesh/ES/stm32f103c8t6/libopencm3/lib/libopencm3_stm32f1.a(rcc.o)
 .group         0x0000000000000000        0xc /home/msis/duggesh/ES/stm32f103c8t6/libopencm3/lib/libopencm3_stm32f1.a(rcc.o)
 .group         0x0000000000000000        0xc /home/msis/duggesh/ES/stm32f103c8t6/libopencm3/lib/libopencm3_stm32f1.a(rcc.o)
 .group         0x0000000000000000        0xc /home/msis/duggesh/ES/stm32f103c8t6/libopencm3/lib/libopencm3_stm32f1.a(rcc.o)
 .group         0x0000000000000000        0xc /home/msis/duggesh/ES/stm32f103c8t6/libopencm3/lib/libopencm3_stm32f1.a(rcc.o)
 .group         0x0000000000000000        0xc /home/msis/duggesh/ES/stm32f103c8t6/libopencm3/lib/libopencm3_stm32f1.a(rcc.o)
 .group         0x0000000000000000        0xc /home/msis/duggesh/ES/stm32f103c8t6/libopencm3/lib/libopencm3_stm32f1.a(rcc.o)
 .group         0x0000000000000000        0xc /home/msis/duggesh/ES/stm32f103c8t6/libopencm3/lib/libopencm3_stm32f1.a(rcc.o)
 .text          0x0000000000000000        0x0 /home/msis/duggesh/ES/stm32f103c8t6/libopencm3/lib/libopencm3_stm32f1.a(rcc.o)
 .data          0x0000000000000000        0x0 /home/msis/duggesh/ES/stm32f103c8t6/libopencm3/lib/libopencm3_stm32f1.a(rcc.o)
 .bss           0x0000000000000000        0x0 /home/msis/duggesh/ES/stm32f103c8t6/libopencm3/lib/libopencm3_stm32f1.a(rcc.o)
 .text.rcc_osc_ready_int_clear
                0x0000000000000000       0x5c /home/msis/duggesh/ES/stm32f103c8t6/libopencm3/lib/libopencm3_stm32f1.a(rcc.o)
 .text.rcc_osc_ready_int_enable
                0x0000000000000000       0x5c /home/msis/duggesh/ES/stm32f103c8t6/libopencm3/lib/libopencm3_stm32f1.a(rcc.o)
 .text.rcc_osc_ready_int_disable
                0x0000000000000000       0x5c /home/msis/duggesh/ES/stm32f103c8t6/libopencm3/lib/libopencm3_stm32f1.a(rcc.o)
 .text.rcc_osc_ready_int_flag
                0x0000000000000000       0x54 /home/msis/duggesh/ES/stm32f103c8t6/libopencm3/lib/libopencm3_stm32f1.a(rcc.o)
 .text.rcc_css_int_clear
                0x0000000000000000       0x10 /home/msis/duggesh/ES/stm32f103c8t6/libopencm3/lib/libopencm3_stm32f1.a(rcc.o)
 .text.rcc_css_int_flag
                0x0000000000000000       0x10 /home/msis/duggesh/ES/stm32f103c8t6/libopencm3/lib/libopencm3_stm32f1.a(rcc.o)
 .text.rcc_osc_off
                0x0000000000000000       0x60 /home/msis/duggesh/ES/stm32f103c8t6/libopencm3/lib/libopencm3_stm32f1.a(rcc.o)
 .text.rcc_css_enable
                0x0000000000000000       0x10 /home/msis/duggesh/ES/stm32f103c8t6/libopencm3/lib/libopencm3_stm32f1.a(rcc.o)
 .text.rcc_css_disable
                0x0000000000000000       0x10 /home/msis/duggesh/ES/stm32f103c8t6/libopencm3/lib/libopencm3_stm32f1.a(rcc.o)
 .text.rcc_set_pll2_multiplication_factor
                0x0000000000000000       0x14 /home/msis/duggesh/ES/stm32f103c8t6/libopencm3/lib/libopencm3_stm32f1.a(rcc.o)
 .text.rcc_set_pll3_multiplication_factor
                0x0000000000000000       0x14 /home/msis/duggesh/ES/stm32f103c8t6/libopencm3/lib/libopencm3_stm32f1.a(rcc.o)
 .text.rcc_rtc_clock_enabled_flag
                0x0000000000000000       0x10 /home/msis/duggesh/ES/stm32f103c8t6/libopencm3/lib/libopencm3_stm32f1.a(rcc.o)
 .text.rcc_enable_rtc_clock
                0x0000000000000000       0x10 /home/msis/duggesh/ES/stm32f103c8t6/libopencm3/lib/libopencm3_stm32f1.a(rcc.o)
 .text.rcc_set_rtc_clock_source
                0x0000000000000000       0x84 /home/msis/duggesh/ES/stm32f103c8t6/libopencm3/lib/libopencm3_stm32f1.a(rcc.o)
 .text.rcc_set_usbpre
                0x0000000000000000       0x18 /home/msis/duggesh/ES/stm32f103c8t6/libopencm3/lib/libopencm3_stm32f1.a(rcc.o)
 .text.rcc_set_prediv1
                0x0000000000000000       0x14 /home/msis/duggesh/ES/stm32f103c8t6/libopencm3/lib/libopencm3_stm32f1.a(rcc.o)
 .text.rcc_set_prediv2
                0x0000000000000000       0x14 /home/msis/duggesh/ES/stm32f103c8t6/libopencm3/lib/libopencm3_stm32f1.a(rcc.o)
 .text.rcc_set_prediv1_source
                0x0000000000000000       0x18 /home/msis/duggesh/ES/stm32f103c8t6/libopencm3/lib/libopencm3_stm32f1.a(rcc.o)
 .text.rcc_system_clock_source
                0x0000000000000000       0x10 /home/msis/duggesh/ES/stm32f103c8t6/libopencm3/lib/libopencm3_stm32f1.a(rcc.o)
 .text.rcc_clock_setup_in_hsi_out_64mhz
                0x0000000000000000       0x70 /home/msis/duggesh/ES/stm32f103c8t6/libopencm3/lib/libopencm3_stm32f1.a(rcc.o)
 .text.rcc_clock_setup_in_hsi_out_48mhz
                0x0000000000000000       0x7c /home/msis/duggesh/ES/stm32f103c8t6/libopencm3/lib/libopencm3_stm32f1.a(rcc.o)
 .text.rcc_clock_setup_in_hsi_out_24mhz
                0x0000000000000000       0x60 /home/msis/duggesh/ES/stm32f103c8t6/libopencm3/lib/libopencm3_stm32f1.a(rcc.o)
 .text.rcc_clock_setup_in_hse_8mhz_out_24mhz
                0x0000000000000000       0x78 /home/msis/duggesh/ES/stm32f103c8t6/libopencm3/lib/libopencm3_stm32f1.a(rcc.o)
 .text.rcc_clock_setup_in_hse_12mhz_out_72mhz
                0x0000000000000000       0x88 /home/msis/duggesh/ES/stm32f103c8t6/libopencm3/lib/libopencm3_stm32f1.a(rcc.o)
 .text.rcc_clock_setup_in_hse_16mhz_out_72mhz
                0x0000000000000000       0x88 /home/msis/duggesh/ES/stm32f103c8t6/libopencm3/lib/libopencm3_stm32f1.a(rcc.o)
 .text.rcc_clock_setup_in_hse_25mhz_out_72mhz
                0x0000000000000000       0xa8 /home/msis/duggesh/ES/stm32f103c8t6/libopencm3/lib/libopencm3_stm32f1.a(rcc.o)
 .text.rcc_clock_setup_pll
                0x0000000000000000       0xbc /home/msis/duggesh/ES/stm32f103c8t6/libopencm3/lib/libopencm3_stm32f1.a(rcc.o)
 .text.rcc_backupdomain_reset
                0x0000000000000000       0x18 /home/msis/duggesh/ES/stm32f103c8t6/libopencm3/lib/libopencm3_stm32f1.a(rcc.o)
 .text.rcc_get_usart_clk_freq
                0x0000000000000000       0x1c /home/msis/duggesh/ES/stm32f103c8t6/libopencm3/lib/libopencm3_stm32f1.a(rcc.o)
 .text.rcc_get_timer_clk_freq
                0x0000000000000000       0x34 /home/msis/duggesh/ES/stm32f103c8t6/libopencm3/lib/libopencm3_stm32f1.a(rcc.o)
 .text.rcc_get_i2c_clk_freq
                0x0000000000000000        0xc /home/msis/duggesh/ES/stm32f103c8t6/libopencm3/lib/libopencm3_stm32f1.a(rcc.o)
 .rodata.rcc_hse_configs
                0x0000000000000000       0x8c /home/msis/duggesh/ES/stm32f103c8t6/libopencm3/lib/libopencm3_stm32f1.a(rcc.o)
 .rodata.rcc_hsi_configs
                0x0000000000000000       0x54 /home/msis/duggesh/ES/stm32f103c8t6/libopencm3/lib/libopencm3_stm32f1.a(rcc.o)
 .debug_macro   0x0000000000000000      0xa60 /home/msis/duggesh/ES/stm32f103c8t6/libopencm3/lib/libopencm3_stm32f1.a(rcc.o)
 .debug_macro   0x0000000000000000       0x1c /home/msis/duggesh/ES/stm32f103c8t6/libopencm3/lib/libopencm3_stm32f1.a(rcc.o)
 .debug_macro   0x0000000000000000      0x34e /home/msis/duggesh/ES/stm32f103c8t6/libopencm3/lib/libopencm3_stm32f1.a(rcc.o)
 .debug_macro   0x0000000000000000       0x22 /home/msis/duggesh/ES/stm32f103c8t6/libopencm3/lib/libopencm3_stm32f1.a(rcc.o)
 .debug_macro   0x0000000000000000       0xe8 /home/msis/duggesh/ES/stm32f103c8t6/libopencm3/lib/libopencm3_stm32f1.a(rcc.o)
 .debug_macro   0x0000000000000000       0x76 /home/msis/duggesh/ES/stm32f103c8t6/libopencm3/lib/libopencm3_stm32f1.a(rcc.o)
 .debug_macro   0x0000000000000000      0x1b4 /home/msis/duggesh/ES/stm32f103c8t6/libopencm3/lib/libopencm3_stm32f1.a(rcc.o)
 .group         0x0000000000000000        0xc /home/msis/duggesh/ES/stm32f103c8t6/libopencm3/lib/libopencm3_stm32f1.a(rcc_common_all.o)
 .group         0x0000000000000000        0xc /home/msis/duggesh/ES/stm32f103c8t6/libopencm3/lib/libopencm3_stm32f1.a(rcc_common_all.o)
 .group         0x0000000000000000        0xc /home/msis/duggesh/ES/stm32f103c8t6/libopencm3/lib/libopencm3_stm32f1.a(rcc_common_all.o)
 .group         0x0000000000000000        0xc /home/msis/duggesh/ES/stm32f103c8t6/libopencm3/lib/libopencm3_stm32f1.a(rcc_common_all.o)
 .group         0x0000000000000000        0xc /home/msis/duggesh/ES/stm32f103c8t6/libopencm3/lib/libopencm3_stm32f1.a(rcc_common_all.o)
 .group         0x0000000000000000        0xc /home/msis/duggesh/ES/stm32f103c8t6/libopencm3/lib/libopencm3_stm32f1.a(rcc_common_all.o)
 .group         0x0000000000000000        0xc /home/msis/duggesh/ES/stm32f103c8t6/libopencm3/lib/libopencm3_stm32f1.a(rcc_common_all.o)
 .group         0x0000000000000000        0xc /home/msis/duggesh/ES/stm32f103c8t6/libopencm3/lib/libopencm3_stm32f1.a(rcc_common_all.o)
 .text          0x0000000000000000        0x0 /home/msis/duggesh/ES/stm32f103c8t6/libopencm3/lib/libopencm3_stm32f1.a(rcc_common_all.o)
 .data          0x0000000000000000        0x0 /home/msis/duggesh/ES/stm32f103c8t6/libopencm3/lib/libopencm3_stm32f1.a(rcc_common_all.o)
 .bss           0x0000000000000000        0x0 /home/msis/duggesh/ES/stm32f103c8t6/libopencm3/lib/libopencm3_stm32f1.a(rcc_common_all.o)
 .text.rcc_peripheral_enable_clock
                0x0000000000000000        0x8 /home/msis/duggesh/ES/stm32f103c8t6/libopencm3/lib/libopencm3_stm32f1.a(rcc_common_all.o)
 .text.rcc_peripheral_disable_clock
                0x0000000000000000        0xa /home/msis/duggesh/ES/stm32f103c8t6/libopencm3/lib/libopencm3_stm32f1.a(rcc_common_all.o)
 .text.rcc_peripheral_reset
                0x0000000000000000        0x8 /home/msis/duggesh/ES/stm32f103c8t6/libopencm3/lib/libopencm3_stm32f1.a(rcc_common_all.o)
 .text.rcc_peripheral_clear_reset
                0x0000000000000000        0xa /home/msis/duggesh/ES/stm32f103c8t6/libopencm3/lib/libopencm3_stm32f1.a(rcc_common_all.o)
 .text.rcc_periph_clock_disable
                0x0000000000000000       0x1e /home/msis/duggesh/ES/stm32f103c8t6/libopencm3/lib/libopencm3_stm32f1.a(rcc_common_all.o)
 .text.rcc_periph_reset_hold
                0x0000000000000000        0x4 /home/msis/duggesh/ES/stm32f103c8t6/libopencm3/lib/libopencm3_stm32f1.a(rcc_common_all.o)
 .text.rcc_periph_reset_release
                0x0000000000000000        0x4 /home/msis/duggesh/ES/stm32f103c8t6/libopencm3/lib/libopencm3_stm32f1.a(rcc_common_all.o)
 .text.rcc_set_mco
                0x0000000000000000       0x14 /home/msis/duggesh/ES/stm32f103c8t6/libopencm3/lib/libopencm3_stm32f1.a(rcc_common_all.o)
 .text.rcc_osc_bypass_enable
                0x0000000000000000       0x28 /home/msis/duggesh/ES/stm32f103c8t6/libopencm3/lib/libopencm3_stm32f1.a(rcc_common_all.o)
 .text.rcc_osc_bypass_disable
                0x0000000000000000       0x28 /home/msis/duggesh/ES/stm32f103c8t6/libopencm3/lib/libopencm3_stm32f1.a(rcc_common_all.o)
 .text.rcc_get_div_from_hpre
                0x0000000000000000       0x18 /home/msis/duggesh/ES/stm32f103c8t6/libopencm3/lib/libopencm3_stm32f1.a(rcc_common_all.o)
 .debug_macro   0x0000000000000000      0xa60 /home/msis/duggesh/ES/stm32f103c8t6/libopencm3/lib/libopencm3_stm32f1.a(rcc_common_all.o)
 .debug_macro   0x0000000000000000       0x1c /home/msis/duggesh/ES/stm32f103c8t6/libopencm3/lib/libopencm3_stm32f1.a(rcc_common_all.o)
 .debug_macro   0x0000000000000000      0x34e /home/msis/duggesh/ES/stm32f103c8t6/libopencm3/lib/libopencm3_stm32f1.a(rcc_common_all.o)
 .debug_macro   0x0000000000000000       0x22 /home/msis/duggesh/ES/stm32f103c8t6/libopencm3/lib/libopencm3_stm32f1.a(rcc_common_all.o)
 .debug_macro   0x0000000000000000       0xe8 /home/msis/duggesh/ES/stm32f103c8t6/libopencm3/lib/libopencm3_stm32f1.a(rcc_common_all.o)
 .debug_macro   0x0000000000000000       0x76 /home/msis/duggesh/ES/stm32f103c8t6/libopencm3/lib/libopencm3_stm32f1.a(rcc_common_all.o)
 .debug_macro   0x0000000000000000      0x1b4 /home/msis/duggesh/ES/stm32f103c8t6/libopencm3/lib/libopencm3_stm32f1.a(rcc_common_all.o)
 .debug_macro   0x0000000000000000      0x8c6 /home/msis/duggesh/ES/stm32f103c8t6/libopencm3/lib/libopencm3_stm32f1.a(rcc_common_all.o)
 .group         0x0000000000000000        0xc /home/msis/duggesh/ES/stm32f103c8t6/libopencm3/lib/libopencm3_stm32f1.a(timer_common_all.o)
 .group         0x0000000000000000        0xc /home/msis/duggesh/ES/stm32f103c8t6/libopencm3/lib/libopencm3_stm32f1.a(timer_common_all.o)
 .group         0x0000000000000000        0xc /home/msis/duggesh/ES/stm32f103c8t6/libopencm3/lib/libopencm3_stm32f1.a(timer_common_all.o)
 .group         0x0000000000000000        0xc /home/msis/duggesh/ES/stm32f103c8t6/libopencm3/lib/libopencm3_stm32f1.a(timer_common_all.o)
 .group         0x0000000000000000        0xc /home/msis/duggesh/ES/stm32f103c8t6/libopencm3/lib/libopencm3_stm32f1.a(timer_common_all.o)
 .group         0x0000000000000000        0xc /home/msis/duggesh/ES/stm32f103c8t6/libopencm3/lib/libopencm3_stm32f1.a(timer_common_all.o)
 .group         0x0000000000000000        0xc /home/msis/duggesh/ES/stm32f103c8t6/libopencm3/lib/libopencm3_stm32f1.a(timer_common_all.o)
 .group         0x0000000000000000        0xc /home/msis/duggesh/ES/stm32f103c8t6/libopencm3/lib/libopencm3_stm32f1.a(timer_common_all.o)
 .group         0x0000000000000000        0xc /home/msis/duggesh/ES/stm32f103c8t6/libopencm3/lib/libopencm3_stm32f1.a(timer_common_all.o)
 .text          0x0000000000000000        0x0 /home/msis/duggesh/ES/stm32f103c8t6/libopencm3/lib/libopencm3_stm32f1.a(timer_common_all.o)
 .data          0x0000000000000000        0x0 /home/msis/duggesh/ES/stm32f103c8t6/libopencm3/lib/libopencm3_stm32f1.a(timer_common_all.o)
 .bss           0x0000000000000000        0x0 /home/msis/duggesh/ES/stm32f103c8t6/libopencm3/lib/libopencm3_stm32f1.a(timer_common_all.o)
 .text.timer_enable_irq
                0x0000000000000000        0x8 /home/msis/duggesh/ES/stm32f103c8t6/libopencm3/lib/libopencm3_stm32f1.a(timer_common_all.o)
 .text.timer_disable_irq
                0x0000000000000000        0xa /home/msis/duggesh/ES/stm32f103c8t6/libopencm3/lib/libopencm3_stm32f1.a(timer_common_all.o)
 .text.timer_interrupt_source
                0x0000000000000000       0x16 /home/msis/duggesh/ES/stm32f103c8t6/libopencm3/lib/libopencm3_stm32f1.a(timer_common_all.o)
 .text.timer_set_clock_division
                0x0000000000000000       0x14 /home/msis/duggesh/ES/stm32f103c8t6/libopencm3/lib/libopencm3_stm32f1.a(timer_common_all.o)
 .text.timer_enable_preload
                0x0000000000000000        0xa /home/msis/duggesh/ES/stm32f103c8t6/libopencm3/lib/libopencm3_stm32f1.a(timer_common_all.o)
 .text.timer_disable_preload
                0x0000000000000000        0xa /home/msis/duggesh/ES/stm32f103c8t6/libopencm3/lib/libopencm3_stm32f1.a(timer_common_all.o)
 .text.timer_set_alignment
                0x0000000000000000       0x14 /home/msis/duggesh/ES/stm32f103c8t6/libopencm3/lib/libopencm3_stm32f1.a(timer_common_all.o)
 .text.timer_direction_up
                0x0000000000000000        0xa /home/msis/duggesh/ES/stm32f103c8t6/libopencm3/lib/libopencm3_stm32f1.a(timer_common_all.o)
 .text.timer_direction_down
                0x0000000000000000        0xa /home/msis/duggesh/ES/stm32f103c8t6/libopencm3/lib/libopencm3_stm32f1.a(timer_common_all.o)
 .text.timer_continuous_mode
                0x0000000000000000        0xa /home/msis/duggesh/ES/stm32f103c8t6/libopencm3/lib/libopencm3_stm32f1.a(timer_common_all.o)
 .text.timer_update_on_any
                0x0000000000000000        0xa /home/msis/duggesh/ES/stm32f103c8t6/libopencm3/lib/libopencm3_stm32f1.a(timer_common_all.o)
 .text.timer_update_on_overflow
                0x0000000000000000        0xa /home/msis/duggesh/ES/stm32f103c8t6/libopencm3/lib/libopencm3_stm32f1.a(timer_common_all.o)
 .text.timer_enable_update_event
                0x0000000000000000        0xa /home/msis/duggesh/ES/stm32f103c8t6/libopencm3/lib/libopencm3_stm32f1.a(timer_common_all.o)
 .text.timer_disable_update_event
                0x0000000000000000        0xa /home/msis/duggesh/ES/stm32f103c8t6/libopencm3/lib/libopencm3_stm32f1.a(timer_common_all.o)
 .text.timer_disable_counter
                0x0000000000000000        0xa /home/msis/duggesh/ES/stm32f103c8t6/libopencm3/lib/libopencm3_stm32f1.a(timer_common_all.o)
 .text.timer_set_output_idle_state
                0x0000000000000000        0xc /home/msis/duggesh/ES/stm32f103c8t6/libopencm3/lib/libopencm3_stm32f1.a(timer_common_all.o)
 .text.timer_reset_output_idle_state
                0x0000000000000000        0xe /home/msis/duggesh/ES/stm32f103c8t6/libopencm3/lib/libopencm3_stm32f1.a(timer_common_all.o)
 .text.timer_set_ti1_ch123_xor
                0x0000000000000000        0xa /home/msis/duggesh/ES/stm32f103c8t6/libopencm3/lib/libopencm3_stm32f1.a(timer_common_all.o)
 .text.timer_set_ti1_ch1
                0x0000000000000000        0xa /home/msis/duggesh/ES/stm32f103c8t6/libopencm3/lib/libopencm3_stm32f1.a(timer_common_all.o)
 .text.timer_set_master_mode
                0x0000000000000000       0x10 /home/msis/duggesh/ES/stm32f103c8t6/libopencm3/lib/libopencm3_stm32f1.a(timer_common_all.o)
 .text.timer_set_dma_on_compare_event
                0x0000000000000000        0xa /home/msis/duggesh/ES/stm32f103c8t6/libopencm3/lib/libopencm3_stm32f1.a(timer_common_all.o)
 .text.timer_set_dma_on_update_event
                0x0000000000000000        0xa /home/msis/duggesh/ES/stm32f103c8t6/libopencm3/lib/libopencm3_stm32f1.a(timer_common_all.o)
 .text.timer_enable_compare_control_update_on_trigger
                0x0000000000000000        0xa /home/msis/duggesh/ES/stm32f103c8t6/libopencm3/lib/libopencm3_stm32f1.a(timer_common_all.o)
 .text.timer_disable_compare_control_update_on_trigger
                0x0000000000000000        0xa /home/msis/duggesh/ES/stm32f103c8t6/libopencm3/lib/libopencm3_stm32f1.a(timer_common_all.o)
 .text.timer_enable_preload_complementry_enable_bits
                0x0000000000000000        0xa /home/msis/duggesh/ES/stm32f103c8t6/libopencm3/lib/libopencm3_stm32f1.a(timer_common_all.o)
 .text.timer_disable_preload_complementry_enable_bits
                0x0000000000000000        0xa /home/msis/duggesh/ES/stm32f103c8t6/libopencm3/lib/libopencm3_stm32f1.a(timer_common_all.o)
 .text.timer_set_repetition_counter
                0x0000000000000000        0x4 /home/msis/duggesh/ES/stm32f103c8t6/libopencm3/lib/libopencm3_stm32f1.a(timer_common_all.o)
 .text.timer_enable_oc_clear
                0x0000000000000000       0x34 /home/msis/duggesh/ES/stm32f103c8t6/libopencm3/lib/libopencm3_stm32f1.a(timer_common_all.o)
 .text.timer_disable_oc_clear
                0x0000000000000000       0x34 /home/msis/duggesh/ES/stm32f103c8t6/libopencm3/lib/libopencm3_stm32f1.a(timer_common_all.o)
 .text.timer_set_oc_fast_mode
                0x0000000000000000       0x34 /home/msis/duggesh/ES/stm32f103c8t6/libopencm3/lib/libopencm3_stm32f1.a(timer_common_all.o)
 .text.timer_set_oc_slow_mode
                0x0000000000000000       0x34 /home/msis/duggesh/ES/stm32f103c8t6/libopencm3/lib/libopencm3_stm32f1.a(timer_common_all.o)
 .text.timer_set_oc_mode
                0x0000000000000000      0x18c /home/msis/duggesh/ES/stm32f103c8t6/libopencm3/lib/libopencm3_stm32f1.a(timer_common_all.o)
 .text.timer_enable_oc_preload
                0x0000000000000000       0x34 /home/msis/duggesh/ES/stm32f103c8t6/libopencm3/lib/libopencm3_stm32f1.a(timer_common_all.o)
 .text.timer_disable_oc_preload
                0x0000000000000000       0x34 /home/msis/duggesh/ES/stm32f103c8t6/libopencm3/lib/libopencm3_stm32f1.a(timer_common_all.o)
 .text.timer_set_oc_polarity_high
                0x0000000000000000       0x4a /home/msis/duggesh/ES/stm32f103c8t6/libopencm3/lib/libopencm3_stm32f1.a(timer_common_all.o)
 .text.timer_set_oc_polarity_low
                0x0000000000000000       0x4a /home/msis/duggesh/ES/stm32f103c8t6/libopencm3/lib/libopencm3_stm32f1.a(timer_common_all.o)
 .text.timer_enable_oc_output
                0x0000000000000000       0x4a /home/msis/duggesh/ES/stm32f103c8t6/libopencm3/lib/libopencm3_stm32f1.a(timer_common_all.o)
 .text.timer_disable_oc_output
                0x0000000000000000       0x4a /home/msis/duggesh/ES/stm32f103c8t6/libopencm3/lib/libopencm3_stm32f1.a(timer_common_all.o)
 .text.timer_set_oc_idle_state_set
                0x0000000000000000       0x4a /home/msis/duggesh/ES/stm32f103c8t6/libopencm3/lib/libopencm3_stm32f1.a(timer_common_all.o)
 .text.timer_set_oc_idle_state_unset
                0x0000000000000000       0x4a /home/msis/duggesh/ES/stm32f103c8t6/libopencm3/lib/libopencm3_stm32f1.a(timer_common_all.o)
 .text.timer_set_oc_value
                0x0000000000000000       0x20 /home/msis/duggesh/ES/stm32f103c8t6/libopencm3/lib/libopencm3_stm32f1.a(timer_common_all.o)
 .text.timer_enable_break_main_output
                0x0000000000000000        0xa /home/msis/duggesh/ES/stm32f103c8t6/libopencm3/lib/libopencm3_stm32f1.a(timer_common_all.o)
 .text.timer_disable_break_main_output
                0x0000000000000000        0xa /home/msis/duggesh/ES/stm32f103c8t6/libopencm3/lib/libopencm3_stm32f1.a(timer_common_all.o)
 .text.timer_enable_break_automatic_output
                0x0000000000000000        0xa /home/msis/duggesh/ES/stm32f103c8t6/libopencm3/lib/libopencm3_stm32f1.a(timer_common_all.o)
 .text.timer_disable_break_automatic_output
                0x0000000000000000        0xa /home/msis/duggesh/ES/stm32f103c8t6/libopencm3/lib/libopencm3_stm32f1.a(timer_common_all.o)
 .text.timer_set_break_polarity_high
                0x0000000000000000        0xa /home/msis/duggesh/ES/stm32f103c8t6/libopencm3/lib/libopencm3_stm32f1.a(timer_common_all.o)
 .text.timer_set_break_polarity_low
                0x0000000000000000        0xa /home/msis/duggesh/ES/stm32f103c8t6/libopencm3/lib/libopencm3_stm32f1.a(timer_common_all.o)
 .text.timer_enable_break
                0x0000000000000000        0xa /home/msis/duggesh/ES/stm32f103c8t6/libopencm3/lib/libopencm3_stm32f1.a(timer_common_all.o)
 .text.timer_disable_break
                0x0000000000000000        0xa /home/msis/duggesh/ES/stm32f103c8t6/libopencm3/lib/libopencm3_stm32f1.a(timer_common_all.o)
 .text.timer_set_enabled_off_state_in_run_mode
                0x0000000000000000        0xa /home/msis/duggesh/ES/stm32f103c8t6/libopencm3/lib/libopencm3_stm32f1.a(timer_common_all.o)
 .text.timer_set_disabled_off_state_in_run_mode
                0x0000000000000000        0xa /home/msis/duggesh/ES/stm32f103c8t6/libopencm3/lib/libopencm3_stm32f1.a(timer_common_all.o)
 .text.timer_set_enabled_off_state_in_idle_mode
                0x0000000000000000        0xa /home/msis/duggesh/ES/stm32f103c8t6/libopencm3/lib/libopencm3_stm32f1.a(timer_common_all.o)
 .text.timer_set_disabled_off_state_in_idle_mode
                0x0000000000000000        0xa /home/msis/duggesh/ES/stm32f103c8t6/libopencm3/lib/libopencm3_stm32f1.a(timer_common_all.o)
 .text.timer_set_break_lock
                0x0000000000000000        0x8 /home/msis/duggesh/ES/stm32f103c8t6/libopencm3/lib/libopencm3_stm32f1.a(timer_common_all.o)
 .text.timer_set_deadtime
                0x0000000000000000        0x4 /home/msis/duggesh/ES/stm32f103c8t6/libopencm3/lib/libopencm3_stm32f1.a(timer_common_all.o)
 .text.timer_generate_event
                0x0000000000000000        0x8 /home/msis/duggesh/ES/stm32f103c8t6/libopencm3/lib/libopencm3_stm32f1.a(timer_common_all.o)
 .text.timer_get_counter
                0x0000000000000000        0x4 /home/msis/duggesh/ES/stm32f103c8t6/libopencm3/lib/libopencm3_stm32f1.a(timer_common_all.o)
 .text.timer_set_counter
                0x0000000000000000        0x4 /home/msis/duggesh/ES/stm32f103c8t6/libopencm3/lib/libopencm3_stm32f1.a(timer_common_all.o)
 .text.timer_ic_set_filter
                0x0000000000000000       0x50 /home/msis/duggesh/ES/stm32f103c8t6/libopencm3/lib/libopencm3_stm32f1.a(timer_common_all.o)
 .text.timer_ic_set_prescaler
                0x0000000000000000       0x50 /home/msis/duggesh/ES/stm32f103c8t6/libopencm3/lib/libopencm3_stm32f1.a(timer_common_all.o)
 .text.timer_ic_set_input
                0x0000000000000000       0x62 /home/msis/duggesh/ES/stm32f103c8t6/libopencm3/lib/libopencm3_stm32f1.a(timer_common_all.o)
 .text.timer_ic_enable
                0x0000000000000000        0xe /home/msis/duggesh/ES/stm32f103c8t6/libopencm3/lib/libopencm3_stm32f1.a(timer_common_all.o)
 .text.timer_ic_disable
                0x0000000000000000       0x10 /home/msis/duggesh/ES/stm32f103c8t6/libopencm3/lib/libopencm3_stm32f1.a(timer_common_all.o)
 .text.timer_slave_set_filter
                0x0000000000000000       0x12 /home/msis/duggesh/ES/stm32f103c8t6/libopencm3/lib/libopencm3_stm32f1.a(timer_common_all.o)
 .text.timer_slave_set_prescaler
                0x0000000000000000       0x12 /home/msis/duggesh/ES/stm32f103c8t6/libopencm3/lib/libopencm3_stm32f1.a(timer_common_all.o)
 .text.timer_slave_set_polarity
                0x0000000000000000       0x12 /home/msis/duggesh/ES/stm32f103c8t6/libopencm3/lib/libopencm3_stm32f1.a(timer_common_all.o)
 .text.timer_slave_set_mode
                0x0000000000000000       0x10 /home/msis/duggesh/ES/stm32f103c8t6/libopencm3/lib/libopencm3_stm32f1.a(timer_common_all.o)
 .text.timer_slave_set_trigger
                0x0000000000000000       0x10 /home/msis/duggesh/ES/stm32f103c8t6/libopencm3/lib/libopencm3_stm32f1.a(timer_common_all.o)
 .text.timer_slave_set_extclockmode2
                0x0000000000000000       0x12 /home/msis/duggesh/ES/stm32f103c8t6/libopencm3/lib/libopencm3_stm32f1.a(timer_common_all.o)
 .debug_macro   0x0000000000000000      0xa60 /home/msis/duggesh/ES/stm32f103c8t6/libopencm3/lib/libopencm3_stm32f1.a(timer_common_all.o)
 .debug_macro   0x0000000000000000       0x1c /home/msis/duggesh/ES/stm32f103c8t6/libopencm3/lib/libopencm3_stm32f1.a(timer_common_all.o)
 .debug_macro   0x0000000000000000      0x34e /home/msis/duggesh/ES/stm32f103c8t6/libopencm3/lib/libopencm3_stm32f1.a(timer_common_all.o)
 .debug_macro   0x0000000000000000       0x22 /home/msis/duggesh/ES/stm32f103c8t6/libopencm3/lib/libopencm3_stm32f1.a(timer_common_all.o)
 .debug_macro   0x0000000000000000       0xe8 /home/msis/duggesh/ES/stm32f103c8t6/libopencm3/lib/libopencm3_stm32f1.a(timer_common_all.o)
 .debug_macro   0x0000000000000000       0x76 /home/msis/duggesh/ES/stm32f103c8t6/libopencm3/lib/libopencm3_stm32f1.a(timer_common_all.o)
 .debug_macro   0x0000000000000000      0x1b4 /home/msis/duggesh/ES/stm32f103c8t6/libopencm3/lib/libopencm3_stm32f1.a(timer_common_all.o)
 .debug_macro   0x0000000000000000      0x8c6 /home/msis/duggesh/ES/stm32f103c8t6/libopencm3/lib/libopencm3_stm32f1.a(timer_common_all.o)
 .group         0x0000000000000000        0xc /home/msis/duggesh/ES/stm32f103c8t6/libopencm3/lib/libopencm3_stm32f1.a(vector.o)
 .group         0x0000000000000000        0xc /home/msis/duggesh/ES/stm32f103c8t6/libopencm3/lib/libopencm3_stm32f1.a(vector.o)
 .group         0x0000000000000000        0xc /home/msis/duggesh/ES/stm32f103c8t6/libopencm3/lib/libopencm3_stm32f1.a(vector.o)
 .group         0x0000000000000000        0xc /home/msis/duggesh/ES/stm32f103c8t6/libopencm3/lib/libopencm3_stm32f1.a(vector.o)
 .group         0x0000000000000000        0xc /home/msis/duggesh/ES/stm32f103c8t6/libopencm3/lib/libopencm3_stm32f1.a(vector.o)
 .group         0x0000000000000000        0xc /home/msis/duggesh/ES/stm32f103c8t6/libopencm3/lib/libopencm3_stm32f1.a(vector.o)
 .group         0x0000000000000000        0xc /home/msis/duggesh/ES/stm32f103c8t6/libopencm3/lib/libopencm3_stm32f1.a(vector.o)
 .group         0x0000000000000000        0xc /home/msis/duggesh/ES/stm32f103c8t6/libopencm3/lib/libopencm3_stm32f1.a(vector.o)
 .group         0x0000000000000000        0xc /home/msis/duggesh/ES/stm32f103c8t6/libopencm3/lib/libopencm3_stm32f1.a(vector.o)
 .text          0x0000000000000000        0x0 /home/msis/duggesh/ES/stm32f103c8t6/libopencm3/lib/libopencm3_stm32f1.a(vector.o)
 .data          0x0000000000000000        0x0 /home/msis/duggesh/ES/stm32f103c8t6/libopencm3/lib/libopencm3_stm32f1.a(vector.o)
 .bss           0x0000000000000000        0x0 /home/msis/duggesh/ES/stm32f103c8t6/libopencm3/lib/libopencm3_stm32f1.a(vector.o)
 .debug_macro   0x0000000000000000      0xa60 /home/msis/duggesh/ES/stm32f103c8t6/libopencm3/lib/libopencm3_stm32f1.a(vector.o)
 .debug_macro   0x0000000000000000       0x76 /home/msis/duggesh/ES/stm32f103c8t6/libopencm3/lib/libopencm3_stm32f1.a(vector.o)
 .debug_macro   0x0000000000000000       0x1c /home/msis/duggesh/ES/stm32f103c8t6/libopencm3/lib/libopencm3_stm32f1.a(vector.o)
 .debug_macro   0x0000000000000000      0x34e /home/msis/duggesh/ES/stm32f103c8t6/libopencm3/lib/libopencm3_stm32f1.a(vector.o)
 .debug_macro   0x0000000000000000       0x22 /home/msis/duggesh/ES/stm32f103c8t6/libopencm3/lib/libopencm3_stm32f1.a(vector.o)
 .debug_macro   0x0000000000000000       0xe8 /home/msis/duggesh/ES/stm32f103c8t6/libopencm3/lib/libopencm3_stm32f1.a(vector.o)
 .group         0x0000000000000000        0xc /home/msis/duggesh/ES/stm32f103c8t6/libopencm3/lib/libopencm3_stm32f1.a(assert.o)
 .group         0x0000000000000000        0xc /home/msis/duggesh/ES/stm32f103c8t6/libopencm3/lib/libopencm3_stm32f1.a(assert.o)
 .group         0x0000000000000000        0xc /home/msis/duggesh/ES/stm32f103c8t6/libopencm3/lib/libopencm3_stm32f1.a(assert.o)
 .group         0x0000000000000000        0xc /home/msis/duggesh/ES/stm32f103c8t6/libopencm3/lib/libopencm3_stm32f1.a(assert.o)
 .group         0x0000000000000000        0xc /home/msis/duggesh/ES/stm32f103c8t6/libopencm3/lib/libopencm3_stm32f1.a(assert.o)
 .group         0x0000000000000000        0xc /home/msis/duggesh/ES/stm32f103c8t6/libopencm3/lib/libopencm3_stm32f1.a(assert.o)
 .text          0x0000000000000000        0x0 /home/msis/duggesh/ES/stm32f103c8t6/libopencm3/lib/libopencm3_stm32f1.a(assert.o)
 .data          0x0000000000000000        0x0 /home/msis/duggesh/ES/stm32f103c8t6/libopencm3/lib/libopencm3_stm32f1.a(assert.o)
 .bss           0x0000000000000000        0x0 /home/msis/duggesh/ES/stm32f103c8t6/libopencm3/lib/libopencm3_stm32f1.a(assert.o)
 .text.cm3_assert_failed
                0x0000000000000000        0x2 /home/msis/duggesh/ES/stm32f103c8t6/libopencm3/lib/libopencm3_stm32f1.a(assert.o)
 .text.cm3_assert_failed_verbose
                0x0000000000000000        0x6 /home/msis/duggesh/ES/stm32f103c8t6/libopencm3/lib/libopencm3_stm32f1.a(assert.o)
 .debug_info    0x0000000000000000      0x104 /home/msis/duggesh/ES/stm32f103c8t6/libopencm3/lib/libopencm3_stm32f1.a(assert.o)
 .debug_abbrev  0x0000000000000000       0x98 /home/msis/duggesh/ES/stm32f103c8t6/libopencm3/lib/libopencm3_stm32f1.a(assert.o)
 .debug_loc     0x0000000000000000       0x94 /home/msis/duggesh/ES/stm32f103c8t6/libopencm3/lib/libopencm3_stm32f1.a(assert.o)
 .debug_aranges
                0x0000000000000000       0x28 /home/msis/duggesh/ES/stm32f103c8t6/libopencm3/lib/libopencm3_stm32f1.a(assert.o)
 .debug_ranges  0x0000000000000000       0x18 /home/msis/duggesh/ES/stm32f103c8t6/libopencm3/lib/libopencm3_stm32f1.a(assert.o)
 .debug_macro   0x0000000000000000       0x40 /home/msis/duggesh/ES/stm32f103c8t6/libopencm3/lib/libopencm3_stm32f1.a(assert.o)
 .debug_macro   0x0000000000000000      0xa60 /home/msis/duggesh/ES/stm32f103c8t6/libopencm3/lib/libopencm3_stm32f1.a(assert.o)
 .debug_macro   0x0000000000000000       0x1c /home/msis/duggesh/ES/stm32f103c8t6/libopencm3/lib/libopencm3_stm32f1.a(assert.o)
 .debug_macro   0x0000000000000000      0x34e /home/msis/duggesh/ES/stm32f103c8t6/libopencm3/lib/libopencm3_stm32f1.a(assert.o)
 .debug_macro   0x0000000000000000       0x22 /home/msis/duggesh/ES/stm32f103c8t6/libopencm3/lib/libopencm3_stm32f1.a(assert.o)
 .debug_macro   0x0000000000000000       0xe8 /home/msis/duggesh/ES/stm32f103c8t6/libopencm3/lib/libopencm3_stm32f1.a(assert.o)
 .debug_macro   0x0000000000000000       0x16 /home/msis/duggesh/ES/stm32f103c8t6/libopencm3/lib/libopencm3_stm32f1.a(assert.o)
 .debug_line    0x0000000000000000       0xee /home/msis/duggesh/ES/stm32f103c8t6/libopencm3/lib/libopencm3_stm32f1.a(assert.o)
 .debug_str     0x0000000000000000     0x3bfb /home/msis/duggesh/ES/stm32f103c8t6/libopencm3/lib/libopencm3_stm32f1.a(assert.o)
 .comment       0x0000000000000000       0x34 /home/msis/duggesh/ES/stm32f103c8t6/libopencm3/lib/libopencm3_stm32f1.a(assert.o)
 .debug_frame   0x0000000000000000       0x38 /home/msis/duggesh/ES/stm32f103c8t6/libopencm3/lib/libopencm3_stm32f1.a(assert.o)
 .ARM.attributes
                0x0000000000000000       0x2d /home/msis/duggesh/ES/stm32f103c8t6/libopencm3/lib/libopencm3_stm32f1.a(assert.o)
 .group         0x0000000000000000        0xc /home/msis/duggesh/ES/stm32f103c8t6/libopencm3/lib/libopencm3_stm32f1.a(flash_common_all.o)
 .group         0x0000000000000000        0xc /home/msis/duggesh/ES/stm32f103c8t6/libopencm3/lib/libopencm3_stm32f1.a(flash_common_all.o)
 .group         0x0000000000000000        0xc /home/msis/duggesh/ES/stm32f103c8t6/libopencm3/lib/libopencm3_stm32f1.a(flash_common_all.o)
 .group         0x0000000000000000        0xc /home/msis/duggesh/ES/stm32f103c8t6/libopencm3/lib/libopencm3_stm32f1.a(flash_common_all.o)
 .group         0x0000000000000000        0xc /home/msis/duggesh/ES/stm32f103c8t6/libopencm3/lib/libopencm3_stm32f1.a(flash_common_all.o)
 .group         0x0000000000000000        0xc /home/msis/duggesh/ES/stm32f103c8t6/libopencm3/lib/libopencm3_stm32f1.a(flash_common_all.o)
 .group         0x0000000000000000        0xc /home/msis/duggesh/ES/stm32f103c8t6/libopencm3/lib/libopencm3_stm32f1.a(flash_common_all.o)
 .group         0x0000000000000000        0xc /home/msis/duggesh/ES/stm32f103c8t6/libopencm3/lib/libopencm3_stm32f1.a(flash_common_all.o)
 .group         0x0000000000000000        0xc /home/msis/duggesh/ES/stm32f103c8t6/libopencm3/lib/libopencm3_stm32f1.a(flash_common_all.o)
 .text          0x0000000000000000        0x0 /home/msis/duggesh/ES/stm32f103c8t6/libopencm3/lib/libopencm3_stm32f1.a(flash_common_all.o)
 .data          0x0000000000000000        0x0 /home/msis/duggesh/ES/stm32f103c8t6/libopencm3/lib/libopencm3_stm32f1.a(flash_common_all.o)
 .bss           0x0000000000000000        0x0 /home/msis/duggesh/ES/stm32f103c8t6/libopencm3/lib/libopencm3_stm32f1.a(flash_common_all.o)
 .text.flash_prefetch_enable
                0x0000000000000000       0x10 /home/msis/duggesh/ES/stm32f103c8t6/libopencm3/lib/libopencm3_stm32f1.a(flash_common_all.o)
 .text.flash_prefetch_disable
                0x0000000000000000       0x10 /home/msis/duggesh/ES/stm32f103c8t6/libopencm3/lib/libopencm3_stm32f1.a(flash_common_all.o)
 .text.flash_unlock_option_bytes
                0x0000000000000000       0x18 /home/msis/duggesh/ES/stm32f103c8t6/libopencm3/lib/libopencm3_stm32f1.a(flash_common_all.o)
 .debug_macro   0x0000000000000000      0xa60 /home/msis/duggesh/ES/stm32f103c8t6/libopencm3/lib/libopencm3_stm32f1.a(flash_common_all.o)
 .debug_macro   0x0000000000000000       0x1c /home/msis/duggesh/ES/stm32f103c8t6/libopencm3/lib/libopencm3_stm32f1.a(flash_common_all.o)
 .debug_macro   0x0000000000000000      0x34e /home/msis/duggesh/ES/stm32f103c8t6/libopencm3/lib/libopencm3_stm32f1.a(flash_common_all.o)
 .debug_macro   0x0000000000000000       0x22 /home/msis/duggesh/ES/stm32f103c8t6/libopencm3/lib/libopencm3_stm32f1.a(flash_common_all.o)
 .debug_macro   0x0000000000000000       0xe8 /home/msis/duggesh/ES/stm32f103c8t6/libopencm3/lib/libopencm3_stm32f1.a(flash_common_all.o)
 .debug_macro   0x0000000000000000       0x76 /home/msis/duggesh/ES/stm32f103c8t6/libopencm3/lib/libopencm3_stm32f1.a(flash_common_all.o)
 .debug_macro   0x0000000000000000      0x1b4 /home/msis/duggesh/ES/stm32f103c8t6/libopencm3/lib/libopencm3_stm32f1.a(flash_common_all.o)
 .debug_macro   0x0000000000000000       0xee /home/msis/duggesh/ES/stm32f103c8t6/libopencm3/lib/libopencm3_stm32f1.a(flash_common_all.o)
 .debug_macro   0x0000000000000000       0x82 /home/msis/duggesh/ES/stm32f103c8t6/libopencm3/lib/libopencm3_stm32f1.a(flash_common_all.o)

Memory Configuration

Name             Origin             Length             Attributes
rom              0x0000000008000000 0x0000000000010000 xr
ram              0x0000000020000000 0x0000000000005000 xrw
*default*        0x0000000000000000 0xffffffffffffffff

Linker script and memory map

LOAD main.o
LOAD rtos/heap_4.o
LOAD rtos/list.o
LOAD rtos/port.o
LOAD rtos/queue.o
LOAD rtos/tasks.o
LOAD rtos/opencm3.o
START GROUP
LOAD /usr/lib/gcc/arm-none-eabi/10.3.1/../../../arm-none-eabi/lib/thumb/v7-m/nofp/libc.a
LOAD /usr/lib/gcc/arm-none-eabi/10.3.1/thumb/v7-m/nofp/libgcc.a
LOAD /usr/lib/gcc/arm-none-eabi/10.3.1/../../../arm-none-eabi/lib/thumb/v7-m/nofp/libnosys.a
END GROUP
LOAD /home/msis/duggesh/ES/stm32f103c8t6//rtos/libwwg/libwwg.a
LOAD /home/msis/duggesh/ES/stm32f103c8t6/libopencm3/lib/libopencm3_stm32f1.a
START GROUP
LOAD /usr/lib/gcc/arm-none-eabi/10.3.1/thumb/v7-m/nofp/libgcc.a
LOAD /usr/lib/gcc/arm-none-eabi/10.3.1/../../../arm-none-eabi/lib/thumb/v7-m/nofp/libc.a
END GROUP
START GROUP
LOAD /usr/lib/gcc/arm-none-eabi/10.3.1/thumb/v7-m/nofp/libgcc.a
LOAD /usr/lib/gcc/arm-none-eabi/10.3.1/../../../arm-none-eabi/lib/thumb/v7-m/nofp/libc.a
LOAD /usr/lib/gcc/arm-none-eabi/10.3.1/../../../arm-none-eabi/lib/thumb/v7-m/nofp/libnosys.a
END GROUP

.text           0x0000000008000000      0xedc
 *(.vectors)
 .vectors       0x0000000008000000      0x150 /home/msis/duggesh/ES/stm32f103c8t6/libopencm3/lib/libopencm3_stm32f1.a(vector.o)
                0x0000000008000000                vector_table
 *(.text*)
 .text.delay_100us
                0x0000000008000150       0x24 main.o
 .text.timer_task
                0x0000000008000174       0x78 main.o
 .text.startup.main
                0x00000000080001ec       0x44 main.o
                0x00000000080001ec                main
 .text.prvInsertBlockIntoFreeList
                0x0000000008000230       0x48 rtos/heap_4.o
 .text.pvPortMalloc
                0x0000000008000278       0xf4 rtos/heap_4.o
                0x0000000008000278                pvPortMalloc
 .text.vPortFree
                0x000000000800036c       0x4c rtos/heap_4.o
                0x000000000800036c                vPortFree
 .text.vListInitialise
                0x00000000080003b8       0x16 rtos/list.o
                0x00000000080003b8                vListInitialise
 .text.vListInitialiseItem
                0x00000000080003ce        0x6 rtos/list.o
                0x00000000080003ce                vListInitialiseItem
 .text.vListInsertEnd
                0x00000000080003d4       0x18 rtos/list.o
                0x00000000080003d4                vListInsertEnd
 .text.vListInsert
                0x00000000080003ec       0x2e rtos/list.o
                0x00000000080003ec                vListInsert
 .text.uxListRemove
                0x000000000800041a       0x1e rtos/list.o
                0x000000000800041a                uxListRemove
 .text.prvTaskExitError
                0x0000000008000438       0x12 rtos/port.o
 *fill*         0x000000000800044a        0x2 
 .text.prvPortStartFirstTask
                0x000000000800044c       0x20 rtos/port.o
 .text.pxPortInitialiseStack
                0x000000000800046c       0x24 rtos/port.o
                0x000000000800046c                pxPortInitialiseStack
 .text.vPortSVCHandler
                0x0000000008000490       0x24 rtos/port.o
                0x0000000008000490                vPortSVCHandler
 .text.vPortEnterCritical
                0x00000000080004b4       0x20 rtos/port.o
                0x00000000080004b4                vPortEnterCritical
 .text.vPortExitCritical
                0x00000000080004d4       0x14 rtos/port.o
                0x00000000080004d4                vPortExitCritical
 *fill*         0x00000000080004e8        0x8 
 .text.xPortPendSVHandler
                0x00000000080004f0       0x44 rtos/port.o
                0x00000000080004f0                xPortPendSVHandler
 .text.xPortSysTickHandler
                0x0000000008000534       0x2c rtos/port.o
                0x0000000008000534                xPortSysTickHandler
 .text.vPortSetupTimerInterrupt
                0x0000000008000560       0x10 rtos/port.o
                0x0000000008000560                vPortSetupTimerInterrupt
 .text.xPortStartScheduler
                0x0000000008000570       0x34 rtos/port.o
                0x0000000008000570                xPortStartScheduler
 .text.prvAddCurrentTaskToDelayedList
                0x00000000080005a4       0x88 rtos/tasks.o
 .text.prvResetNextTaskUnblockTime
                0x000000000800062c       0x24 rtos/tasks.o
 .text.xTaskCreate
                0x0000000008000650      0x198 rtos/tasks.o
                0x0000000008000650                xTaskCreate
 .text.vTaskStartScheduler
                0x00000000080007e8       0x60 rtos/tasks.o
                0x00000000080007e8                vTaskStartScheduler
 .text.vTaskSuspendAll
                0x0000000008000848       0x10 rtos/tasks.o
                0x0000000008000848                vTaskSuspendAll
 .text.xTaskIncrementTick
                0x0000000008000858      0x10c rtos/tasks.o
                0x0000000008000858                xTaskIncrementTick
 .text.xTaskResumeAll
                0x0000000008000964       0xd8 rtos/tasks.o
                0x0000000008000964                xTaskResumeAll
 .text.vTaskDelay
                0x0000000008000a3c       0x2e rtos/tasks.o
                0x0000000008000a3c                vTaskDelay
 *fill*         0x0000000008000a6a        0x2 
 .text.prvIdleTask
                0x0000000008000a6c       0x74 rtos/tasks.o
 .text.vTaskSwitchContext
                0x0000000008000ae0       0x60 rtos/tasks.o
                0x0000000008000ae0                vTaskSwitchContext
 .text.sv_call_handler
                0x0000000008000b40        0x4 rtos/opencm3.o
                0x0000000008000b40                sv_call_handler
 .text.pend_sv_handler
                0x0000000008000b44        0x4 rtos/opencm3.o
                0x0000000008000b44                pend_sv_handler
 .text.sys_tick_handler
                0x0000000008000b48        0x4 rtos/opencm3.o
                0x0000000008000b48                sys_tick_handler
 .text.gpio_set_mode
                0x0000000008000b4c       0x5e /home/msis/duggesh/ES/stm32f103c8t6/libopencm3/lib/libopencm3_stm32f1.a(gpio.o)
                0x0000000008000b4c                gpio_set_mode
 .text.gpio_set
                0x0000000008000baa        0x4 /home/msis/duggesh/ES/stm32f103c8t6/libopencm3/lib/libopencm3_stm32f1.a(gpio_common_all.o)
                0x0000000008000baa                gpio_set
 .text.gpio_clear
                0x0000000008000bae        0x6 /home/msis/duggesh/ES/stm32f103c8t6/libopencm3/lib/libopencm3_stm32f1.a(gpio_common_all.o)
                0x0000000008000bae                gpio_clear
 .text.rcc_is_osc_ready
                0x0000000008000bb4       0x58 /home/msis/duggesh/ES/stm32f103c8t6/libopencm3/lib/libopencm3_stm32f1.a(rcc.o)
                0x0000000008000bb4                rcc_is_osc_ready
 .text.rcc_wait_for_osc_ready
                0x0000000008000c0c       0x10 /home/msis/duggesh/ES/stm32f103c8t6/libopencm3/lib/libopencm3_stm32f1.a(rcc.o)
                0x0000000008000c0c                rcc_wait_for_osc_ready
 .text.rcc_osc_on
                0x0000000008000c1c       0x60 /home/msis/duggesh/ES/stm32f103c8t6/libopencm3/lib/libopencm3_stm32f1.a(rcc.o)
                0x0000000008000c1c                rcc_osc_on
 .text.rcc_set_sysclk_source
                0x0000000008000c7c       0x14 /home/msis/duggesh/ES/stm32f103c8t6/libopencm3/lib/libopencm3_stm32f1.a(rcc.o)
                0x0000000008000c7c                rcc_set_sysclk_source
 .text.rcc_set_pll_multiplication_factor
                0x0000000008000c90       0x14 /home/msis/duggesh/ES/stm32f103c8t6/libopencm3/lib/libopencm3_stm32f1.a(rcc.o)
                0x0000000008000c90                rcc_set_pll_multiplication_factor
 .text.rcc_set_pll_source
                0x0000000008000ca4       0x14 /home/msis/duggesh/ES/stm32f103c8t6/libopencm3/lib/libopencm3_stm32f1.a(rcc.o)
                0x0000000008000ca4                rcc_set_pll_source
 .text.rcc_set_pllxtpre
                0x0000000008000cb8       0x14 /home/msis/duggesh/ES/stm32f103c8t6/libopencm3/lib/libopencm3_stm32f1.a(rcc.o)
                0x0000000008000cb8                rcc_set_pllxtpre
 .text.rcc_set_adcpre
                0x0000000008000ccc       0x14 /home/msis/duggesh/ES/stm32f103c8t6/libopencm3/lib/libopencm3_stm32f1.a(rcc.o)
                0x0000000008000ccc                rcc_set_adcpre
 .text.rcc_set_ppre2
                0x0000000008000ce0       0x14 /home/msis/duggesh/ES/stm32f103c8t6/libopencm3/lib/libopencm3_stm32f1.a(rcc.o)
                0x0000000008000ce0                rcc_set_ppre2
 .text.rcc_set_ppre1
                0x0000000008000cf4       0x14 /home/msis/duggesh/ES/stm32f103c8t6/libopencm3/lib/libopencm3_stm32f1.a(rcc.o)
                0x0000000008000cf4                rcc_set_ppre1
 .text.rcc_set_hpre
                0x0000000008000d08       0x14 /home/msis/duggesh/ES/stm32f103c8t6/libopencm3/lib/libopencm3_stm32f1.a(rcc.o)
                0x0000000008000d08                rcc_set_hpre
 .text.rcc_clock_setup_in_hse_8mhz_out_72mhz
                0x0000000008000d1c       0x88 /home/msis/duggesh/ES/stm32f103c8t6/libopencm3/lib/libopencm3_stm32f1.a(rcc.o)
                0x0000000008000d1c                rcc_clock_setup_in_hse_8mhz_out_72mhz
 .text.rcc_periph_clock_enable
                0x0000000008000da4       0x1c /home/msis/duggesh/ES/stm32f103c8t6/libopencm3/lib/libopencm3_stm32f1.a(rcc_common_all.o)
                0x0000000008000da4                rcc_periph_clock_enable
 .text.rcc_periph_reset_pulse
                0x0000000008000dc0       0x24 /home/msis/duggesh/ES/stm32f103c8t6/libopencm3/lib/libopencm3_stm32f1.a(rcc_common_all.o)
                0x0000000008000dc0                rcc_periph_reset_pulse
 .text.timer_get_flag
                0x0000000008000de4        0xc /home/msis/duggesh/ES/stm32f103c8t6/libopencm3/lib/libopencm3_stm32f1.a(timer_common_all.o)
                0x0000000008000de4                timer_get_flag
 .text.timer_clear_flag
                0x0000000008000df0        0x6 /home/msis/duggesh/ES/stm32f103c8t6/libopencm3/lib/libopencm3_stm32f1.a(timer_common_all.o)
                0x0000000008000df0                timer_clear_flag
 .text.timer_set_mode
                0x0000000008000df6       0x12 /home/msis/duggesh/ES/stm32f103c8t6/libopencm3/lib/libopencm3_stm32f1.a(timer_common_all.o)
                0x0000000008000df6                timer_set_mode
 .text.timer_one_shot_mode
                0x0000000008000e08        0xa /home/msis/duggesh/ES/stm32f103c8t6/libopencm3/lib/libopencm3_stm32f1.a(timer_common_all.o)
                0x0000000008000e08                timer_one_shot_mode
 .text.timer_enable_counter
                0x0000000008000e12        0xa /home/msis/duggesh/ES/stm32f103c8t6/libopencm3/lib/libopencm3_stm32f1.a(timer_common_all.o)
                0x0000000008000e12                timer_enable_counter
 .text.timer_set_prescaler
                0x0000000008000e1c        0x4 /home/msis/duggesh/ES/stm32f103c8t6/libopencm3/lib/libopencm3_stm32f1.a(timer_common_all.o)
                0x0000000008000e1c                timer_set_prescaler
 .text.timer_set_period
                0x0000000008000e20        0x4 /home/msis/duggesh/ES/stm32f103c8t6/libopencm3/lib/libopencm3_stm32f1.a(timer_common_all.o)
                0x0000000008000e20                timer_set_period
 .text.blocking_handler
                0x0000000008000e24        0x2 /home/msis/duggesh/ES/stm32f103c8t6/libopencm3/lib/libopencm3_stm32f1.a(vector.o)
                0x0000000008000e24                usart3_isr
                0x0000000008000e24                rtc_isr
                0x0000000008000e24                tim7_isr
                0x0000000008000e24                adc1_2_isr
                0x0000000008000e24                tim1_trg_com_isr
                0x0000000008000e24                usb_hp_can_tx_isr
                0x0000000008000e24                tim6_isr
                0x0000000008000e24                usb_wakeup_isr
                0x0000000008000e24                blocking_handler
                0x0000000008000e24                tim5_isr
                0x0000000008000e24                otg_fs_isr
                0x0000000008000e24                spi1_isr
                0x0000000008000e24                exti2_isr
                0x0000000008000e24                dma1_channel6_isr
                0x0000000008000e24                can_rx1_isr
                0x0000000008000e24                dma1_channel5_isr
                0x0000000008000e24                dma2_channel5_isr
                0x0000000008000e24                usart1_isr
                0x0000000008000e24                usage_fault_handler
                0x0000000008000e24                tim8_trg_com_isr
                0x0000000008000e24                can2_rx0_isr
                0x0000000008000e24                tim1_brk_isr
                0x0000000008000e24                can2_rx1_isr
                0x0000000008000e24                tim1_cc_isr
                0x0000000008000e24                sdio_isr
                0x0000000008000e24                eth_isr
                0x0000000008000e24                dma1_channel4_isr
                0x0000000008000e24                tim8_brk_isr
                0x0000000008000e24                dma2_channel4_5_isr
                0x0000000008000e24                pvd_isr
                0x0000000008000e24                rcc_isr
                0x0000000008000e24                flash_isr
                0x0000000008000e24                uart4_isr
                0x0000000008000e24                rtc_alarm_isr
                0x0000000008000e24                exti15_10_isr
                0x0000000008000e24                hard_fault_handler
                0x0000000008000e24                exti1_isr
                0x0000000008000e24                i2c1_ev_isr
                0x0000000008000e24                dma2_channel1_isr
                0x0000000008000e24                spi2_isr
                0x0000000008000e24                tim8_up_isr
                0x0000000008000e24                dma2_channel2_isr
                0x0000000008000e24                exti3_isr
                0x0000000008000e24                adc3_isr
                0x0000000008000e24                tim3_isr
                0x0000000008000e24                usart2_isr
                0x0000000008000e24                usb_lp_can_rx0_isr
                0x0000000008000e24                i2c2_er_isr
                0x0000000008000e24                i2c2_ev_isr
                0x0000000008000e24                uart5_isr
                0x0000000008000e24                fsmc_isr
                0x0000000008000e24                dma1_channel1_isr
                0x0000000008000e24                exti4_isr
                0x0000000008000e24                mem_manage_handler
                0x0000000008000e24                can2_tx_isr
                0x0000000008000e24                exti9_5_isr
                0x0000000008000e24                dma2_channel3_isr
                0x0000000008000e24                dma1_channel7_isr
                0x0000000008000e24                tim1_up_isr
                0x0000000008000e24                can2_sce_isr
                0x0000000008000e24                tim4_isr
                0x0000000008000e24                dma1_channel2_isr
                0x0000000008000e24                i2c1_er_isr
                0x0000000008000e24                can_sce_isr
                0x0000000008000e24                tim8_cc_isr
                0x0000000008000e24                tamper_isr
                0x0000000008000e24                eth_wkup_isr
                0x0000000008000e24                bus_fault_handler
                0x0000000008000e24                wwdg_isr
                0x0000000008000e24                dma1_channel3_isr
                0x0000000008000e24                spi3_isr
                0x0000000008000e24                tim2_isr
                0x0000000008000e24                exti0_isr
 .text.null_handler
                0x0000000008000e26        0x2 /home/msis/duggesh/ES/stm32f103c8t6/libopencm3/lib/libopencm3_stm32f1.a(vector.o)
                0x0000000008000e26                null_handler
                0x0000000008000e26                debug_monitor_handler
                0x0000000008000e26                nmi_handler
 .text.reset_handler
                0x0000000008000e28       0x94 /home/msis/duggesh/ES/stm32f103c8t6/libopencm3/lib/libopencm3_stm32f1.a(vector.o)
                0x0000000008000e28                reset_handler
 .text.flash_set_ws
                0x0000000008000ebc       0x14 /home/msis/duggesh/ES/stm32f103c8t6/libopencm3/lib/libopencm3_stm32f1.a(flash_common_all.o)
                0x0000000008000ebc                flash_set_ws
                0x0000000008000ed0                . = ALIGN (0x4)
 *(.rodata*)
 .rodata.main.str1.1
                0x0000000008000ed0        0x6 main.o
 .rodata.vTaskStartScheduler.str1.1
                0x0000000008000ed6        0x5 rtos/tasks.o
                0x0000000008000edc                . = ALIGN (0x4)
 *fill*         0x0000000008000edb        0x1 

.glue_7         0x0000000008000edc        0x0
 .glue_7        0x0000000008000edc        0x0 linker stubs

.glue_7t        0x0000000008000edc        0x0
 .glue_7t       0x0000000008000edc        0x0 linker stubs

.vfp11_veneer   0x0000000008000edc        0x0
 .vfp11_veneer  0x0000000008000edc        0x0 linker stubs

.v4_bx          0x0000000008000edc        0x0
 .v4_bx         0x0000000008000edc        0x0 linker stubs

.iplt           0x0000000008000edc        0x0
 .iplt          0x0000000008000edc        0x0 main.o

.rel.dyn        0x0000000008000edc        0x0
 .rel.iplt      0x0000000008000edc        0x0 main.o

.preinit_array  0x0000000008000edc        0x0
                0x0000000008000edc                . = ALIGN (0x4)
                0x0000000008000edc                __preinit_array_start = .
 *(.preinit_array)
                0x0000000008000edc                __preinit_array_end = .

.init_array     0x0000000008000edc        0x0
                0x0000000008000edc                . = ALIGN (0x4)
                0x0000000008000edc                __init_array_start = .
 *(SORT_BY_NAME(.init_array.*))
 *(.init_array)
                0x0000000008000edc                __init_array_end = .

.fini_array     0x0000000008000edc        0x0
                0x0000000008000edc                . = ALIGN (0x4)
                0x0000000008000edc                __fini_array_start = .
 *(.fini_array)
 *(SORT_BY_NAME(.fini_array.*))
                0x0000000008000edc                __fini_array_end = .

.ARM.extab
 *(.ARM.extab*)

.ARM.exidx      0x0000000008000edc        0x0
                0x0000000008000edc                __exidx_start = .
 *(.ARM.exidx*)
                0x0000000008000edc                __exidx_end = .
                0x0000000008000edc                . = ALIGN (0x4)
                0x0000000008000edc                _etext = .

.data           0x0000000020000000       0x10 load address 0x0000000008000edc
                0x0000000020000000                _data = .
 *(.data*)
 .data.uxCriticalNesting
                0x0000000020000000        0x4 rtos/port.o
 .data.rcc_ahb_frequency
                0x0000000020000004        0x4 /home/msis/duggesh/ES/stm32f103c8t6/libopencm3/lib/libopencm3_stm32f1.a(rcc.o)
                0x0000000020000004                rcc_ahb_frequency
 .data.rcc_apb1_frequency
                0x0000000020000008        0x4 /home/msis/duggesh/ES/stm32f103c8t6/libopencm3/lib/libopencm3_stm32f1.a(rcc.o)
                0x0000000020000008                rcc_apb1_frequency
 .data.rcc_apb2_frequency
                0x000000002000000c        0x4 /home/msis/duggesh/ES/stm32f103c8t6/libopencm3/lib/libopencm3_stm32f1.a(rcc.o)
                0x000000002000000c                rcc_apb2_frequency
                0x0000000020000010                . = ALIGN (0x4)
                0x0000000020000010                _edata = .
                0x0000000008000edc                _data_loadaddr = LOADADDR (.data)

.igot.plt       0x0000000020000010        0x0 load address 0x0000000008000eec
 .igot.plt      0x0000000020000010        0x0 main.o

.bss            0x0000000020000010     0x451c load address 0x0000000008000eec
 *(.bss*)
 .bss.pxEnd     0x0000000020000010        0x4 rtos/heap_4.o
 .bss.ucHeap    0x0000000020000014     0x4400 rtos/heap_4.o
 .bss.xBlockAllocatedBit
                0x0000000020004414        0x4 rtos/heap_4.o
 .bss.xFreeBytesRemaining
                0x0000000020004418        0x4 rtos/heap_4.o
 .bss.xMinimumEverFreeBytesRemaining
                0x000000002000441c        0x4 rtos/heap_4.o
 .bss.xStart    0x0000000020004420        0x8 rtos/heap_4.o
 .bss.pxCurrentTCB
                0x0000000020004428        0x4 rtos/tasks.o
                0x0000000020004428                pxCurrentTCB
 .bss.pxDelayedTaskList
                0x000000002000442c        0x4 rtos/tasks.o
 .bss.pxOverflowDelayedTaskList
                0x0000000020004430        0x4 rtos/tasks.o
 .bss.pxReadyTasksLists
                0x0000000020004434       0x64 rtos/tasks.o
 .bss.uxCurrentNumberOfTasks
                0x0000000020004498        0x4 rtos/tasks.o
 .bss.uxDeletedTasksWaitingCleanUp
                0x000000002000449c        0x4 rtos/tasks.o
 .bss.uxPendedTicks
                0x00000000200044a0        0x4 rtos/tasks.o
 .bss.uxSchedulerSuspended
                0x00000000200044a4        0x4 rtos/tasks.o
 .bss.uxTaskNumber
                0x00000000200044a8        0x4 rtos/tasks.o
 .bss.uxTopReadyPriority
                0x00000000200044ac        0x4 rtos/tasks.o
 .bss.xDelayedTaskList1
                0x00000000200044b0       0x14 rtos/tasks.o
 .bss.xDelayedTaskList2
                0x00000000200044c4       0x14 rtos/tasks.o
 .bss.xIdleTaskHandle
                0x00000000200044d8        0x4 rtos/tasks.o
 .bss.xNextTaskUnblockTime
                0x00000000200044dc        0x4 rtos/tasks.o
 .bss.xNumOfOverflows
                0x00000000200044e0        0x4 rtos/tasks.o
 .bss.xPendingReadyList
                0x00000000200044e4       0x14 rtos/tasks.o
 .bss.xSchedulerRunning
                0x00000000200044f8        0x4 rtos/tasks.o
 .bss.xSuspendedTaskList
                0x00000000200044fc       0x14 rtos/tasks.o
 .bss.xTasksWaitingTermination
                0x0000000020004510       0x14 rtos/tasks.o
 .bss.xTickCount
                0x0000000020004524        0x4 rtos/tasks.o
 .bss.xYieldPending
                0x0000000020004528        0x4 rtos/tasks.o
 *(COMMON)
                0x000000002000452c                . = ALIGN (0x4)
                0x000000002000452c                _ebss = .

/DISCARD/
 *(.eh_frame)
                0x000000002000452c                . = ALIGN (0x4)
                0x000000002000452c                end = .
                0x0000000020005000                PROVIDE (_stack = (ORIGIN (ram) + LENGTH (ram)))
OUTPUT(main.elf elf32-littlearm)
LOAD linker stubs

.debug_info     0x0000000000000000     0x6769
 .debug_info    0x0000000000000000      0x6b0 main.o
 .debug_info    0x00000000000006b0      0x407 rtos/heap_4.o
 .debug_info    0x0000000000000ab7      0x2c2 rtos/list.o
 .debug_info    0x0000000000000d79      0x31c rtos/port.o
 .debug_info    0x0000000000001095     0x2148 rtos/tasks.o
 .debug_info    0x00000000000031dd       0xf7 rtos/opencm3.o
 .debug_info    0x00000000000032d4      0x1ec /home/msis/duggesh/ES/stm32f103c8t6/libopencm3/lib/libopencm3_stm32f1.a(gpio.o)
 .debug_info    0x00000000000034c0      0x24e /home/msis/duggesh/ES/stm32f103c8t6/libopencm3/lib/libopencm3_stm32f1.a(gpio_common_all.o)
 .debug_info    0x000000000000370e     0x155c /home/msis/duggesh/ES/stm32f103c8t6/libopencm3/lib/libopencm3_stm32f1.a(rcc.o)
 .debug_info    0x0000000000004c6a      0x619 /home/msis/duggesh/ES/stm32f103c8t6/libopencm3/lib/libopencm3_stm32f1.a(rcc_common_all.o)
 .debug_info    0x0000000000005283     0x112b /home/msis/duggesh/ES/stm32f103c8t6/libopencm3/lib/libopencm3_stm32f1.a(timer_common_all.o)
 .debug_info    0x00000000000063ae      0x2d1 /home/msis/duggesh/ES/stm32f103c8t6/libopencm3/lib/libopencm3_stm32f1.a(vector.o)
 .debug_info    0x000000000000667f       0xea /home/msis/duggesh/ES/stm32f103c8t6/libopencm3/lib/libopencm3_stm32f1.a(flash_common_all.o)

.debug_abbrev   0x0000000000000000     0x146a
 .debug_abbrev  0x0000000000000000      0x12f main.o
 .debug_abbrev  0x000000000000012f      0x233 rtos/heap_4.o
 .debug_abbrev  0x0000000000000362       0xff rtos/list.o
 .debug_abbrev  0x0000000000000461      0x223 rtos/port.o
 .debug_abbrev  0x0000000000000684      0x421 rtos/tasks.o
 .debug_abbrev  0x0000000000000aa5       0x67 rtos/opencm3.o
 .debug_abbrev  0x0000000000000b0c       0xd0 /home/msis/duggesh/ES/stm32f103c8t6/libopencm3/lib/libopencm3_stm32f1.a(gpio.o)
 .debug_abbrev  0x0000000000000bdc      0x116 /home/msis/duggesh/ES/stm32f103c8t6/libopencm3/lib/libopencm3_stm32f1.a(gpio_common_all.o)
 .debug_abbrev  0x0000000000000cf2      0x282 /home/msis/duggesh/ES/stm32f103c8t6/libopencm3/lib/libopencm3_stm32f1.a(rcc.o)
 .debug_abbrev  0x0000000000000f74      0x17c /home/msis/duggesh/ES/stm32f103c8t6/libopencm3/lib/libopencm3_stm32f1.a(rcc_common_all.o)
 .debug_abbrev  0x00000000000010f0      0x19e /home/msis/duggesh/ES/stm32f103c8t6/libopencm3/lib/libopencm3_stm32f1.a(timer_common_all.o)
 .debug_abbrev  0x000000000000128e      0x145 /home/msis/duggesh/ES/stm32f103c8t6/libopencm3/lib/libopencm3_stm32f1.a(vector.o)
 .debug_abbrev  0x00000000000013d3       0x97 /home/msis/duggesh/ES/stm32f103c8t6/libopencm3/lib/libopencm3_stm32f1.a(flash_common_all.o)

.debug_loc      0x0000000000000000     0x27ad
 .debug_loc     0x0000000000000000       0x25 main.o
 .debug_loc     0x0000000000000025      0x3a1 rtos/heap_4.o
 .debug_loc     0x00000000000003c6       0xaf rtos/list.o
 .debug_loc     0x0000000000000475       0xbe rtos/port.o
 .debug_loc     0x0000000000000533     0x1745 rtos/tasks.o
 .debug_loc     0x0000000000001c78      0x14c /home/msis/duggesh/ES/stm32f103c8t6/libopencm3/lib/libopencm3_stm32f1.a(gpio.o)
 .debug_loc     0x0000000000001dc4       0xbe /home/msis/duggesh/ES/stm32f103c8t6/libopencm3/lib/libopencm3_stm32f1.a(gpio_common_all.o)
 .debug_loc     0x0000000000001e82      0x3d0 /home/msis/duggesh/ES/stm32f103c8t6/libopencm3/lib/libopencm3_stm32f1.a(rcc.o)
 .debug_loc     0x0000000000002252       0x94 /home/msis/duggesh/ES/stm32f103c8t6/libopencm3/lib/libopencm3_stm32f1.a(rcc_common_all.o)
 .debug_loc     0x00000000000022e6      0x38a /home/msis/duggesh/ES/stm32f103c8t6/libopencm3/lib/libopencm3_stm32f1.a(timer_common_all.o)
 .debug_loc     0x0000000000002670      0x128 /home/msis/duggesh/ES/stm32f103c8t6/libopencm3/lib/libopencm3_stm32f1.a(vector.o)
 .debug_loc     0x0000000000002798       0x15 /home/msis/duggesh/ES/stm32f103c8t6/libopencm3/lib/libopencm3_stm32f1.a(flash_common_all.o)

.debug_aranges  0x0000000000000000      0x7e0
 .debug_aranges
                0x0000000000000000       0x30 main.o
 .debug_aranges
                0x0000000000000030       0x48 rtos/heap_4.o
 .debug_aranges
                0x0000000000000078       0x40 rtos/list.o
 .debug_aranges
                0x00000000000000b8       0x70 rtos/port.o
 .debug_aranges
                0x0000000000000128      0x158 rtos/tasks.o
 .debug_aranges
                0x0000000000000280       0x30 rtos/opencm3.o
 .debug_aranges
                0x00000000000002b0       0x38 /home/msis/duggesh/ES/stm32f103c8t6/libopencm3/lib/libopencm3_stm32f1.a(gpio.o)
 .debug_aranges
                0x00000000000002e8       0x50 /home/msis/duggesh/ES/stm32f103c8t6/libopencm3/lib/libopencm3_stm32f1.a(gpio_common_all.o)
 .debug_aranges
                0x0000000000000338      0x170 /home/msis/duggesh/ES/stm32f103c8t6/libopencm3/lib/libopencm3_stm32f1.a(rcc.o)
 .debug_aranges
                0x00000000000004a8       0x60 /home/msis/duggesh/ES/stm32f103c8t6/libopencm3/lib/libopencm3_stm32f1.a(rcc_common_all.o)
 .debug_aranges
                0x0000000000000508      0x270 /home/msis/duggesh/ES/stm32f103c8t6/libopencm3/lib/libopencm3_stm32f1.a(timer_common_all.o)
 .debug_aranges
                0x0000000000000778       0x30 /home/msis/duggesh/ES/stm32f103c8t6/libopencm3/lib/libopencm3_stm32f1.a(vector.o)
 .debug_aranges
                0x00000000000007a8       0x38 /home/msis/duggesh/ES/stm32f103c8t6/libopencm3/lib/libopencm3_stm32f1.a(flash_common_all.o)

.debug_ranges   0x0000000000000000      0x948
 .debug_ranges  0x0000000000000000       0x20 main.o
 .debug_ranges  0x0000000000000020       0x38 rtos/heap_4.o
 .debug_ranges  0x0000000000000058       0x30 rtos/list.o
 .debug_ranges  0x0000000000000088       0x78 rtos/port.o
 .debug_ranges  0x0000000000000100      0x2c0 rtos/tasks.o
 .debug_ranges  0x00000000000003c0       0x20 rtos/opencm3.o
 .debug_ranges  0x00000000000003e0       0x28 /home/msis/duggesh/ES/stm32f103c8t6/libopencm3/lib/libopencm3_stm32f1.a(gpio.o)
 .debug_ranges  0x0000000000000408       0x40 /home/msis/duggesh/ES/stm32f103c8t6/libopencm3/lib/libopencm3_stm32f1.a(gpio_common_all.o)
 .debug_ranges  0x0000000000000448      0x208 /home/msis/duggesh/ES/stm32f103c8t6/libopencm3/lib/libopencm3_stm32f1.a(rcc.o)
 .debug_ranges  0x0000000000000650       0x50 /home/msis/duggesh/ES/stm32f103c8t6/libopencm3/lib/libopencm3_stm32f1.a(rcc_common_all.o)
 .debug_ranges  0x00000000000006a0      0x260 /home/msis/duggesh/ES/stm32f103c8t6/libopencm3/lib/libopencm3_stm32f1.a(timer_common_all.o)
 .debug_ranges  0x0000000000000900       0x20 /home/msis/duggesh/ES/stm32f103c8t6/libopencm3/lib/libopencm3_stm32f1.a(vector.o)
 .debug_ranges  0x0000000000000920       0x28 /home/msis/duggesh/ES/stm32f103c8t6/libopencm3/lib/libopencm3_stm32f1.a(flash_common_all.o)

.debug_line     0x0000000000000000     0x4afa
 .debug_line    0x0000000000000000      0x1f4 main.o
 .debug_line    0x00000000000001f4      0x3b6 rtos/heap_4.o
 .debug_line    0x00000000000005aa      0x218 rtos/list.o
 .debug_line    0x00000000000007c2      0x2af rtos/port.o
 .debug_line    0x0000000000000a71     0x1790 rtos/tasks.o
 .debug_line    0x0000000000002201       0x6b rtos/opencm3.o
 .debug_line    0x000000000000226c      0x271 /home/msis/duggesh/ES/stm32f103c8t6/libopencm3/lib/libopencm3_stm32f1.a(gpio.o)
 .debug_line    0x00000000000024dd      0x27b /home/msis/duggesh/ES/stm32f103c8t6/libopencm3/lib/libopencm3_stm32f1.a(gpio_common_all.o)
 .debug_line    0x0000000000002758      0xc2d /home/msis/duggesh/ES/stm32f103c8t6/libopencm3/lib/libopencm3_stm32f1.a(rcc.o)
 .debug_line    0x0000000000003385      0x2da /home/msis/duggesh/ES/stm32f103c8t6/libopencm3/lib/libopencm3_stm32f1.a(rcc_common_all.o)
 .debug_line    0x000000000000365f      0xf69 /home/msis/duggesh/ES/stm32f103c8t6/libopencm3/lib/libopencm3_stm32f1.a(timer_common_all.o)
 .debug_line    0x00000000000045c8      0x306 /home/msis/duggesh/ES/stm32f103c8t6/libopencm3/lib/libopencm3_stm32f1.a(vector.o)
 .debug_line    0x00000000000048ce      0x22c /home/msis/duggesh/ES/stm32f103c8t6/libopencm3/lib/libopencm3_stm32f1.a(flash_common_all.o)

.debug_str      0x0000000000000000    0x13ae6
 .debug_str     0x0000000000000000      0x63a main.o
                                        0x6c8 (size before relaxing)
 .debug_str     0x000000000000063a      0x1fa rtos/heap_4.o
                                        0x362 (size before relaxing)
 .debug_str     0x0000000000000834      0x13e rtos/list.o
                                        0x2bc (size before relaxing)
 .debug_str     0x0000000000000972      0x183 rtos/port.o
                                        0x316 (size before relaxing)
 .debug_str     0x0000000000000af5      0x9b2 rtos/tasks.o
                                        0xdab (size before relaxing)
 .debug_str     0x00000000000014a7       0x40 rtos/opencm3.o
                                        0x1df (size before relaxing)
 .debug_str     0x00000000000014e7     0x7fa8 /home/msis/duggesh/ES/stm32f103c8t6/libopencm3/lib/libopencm3_stm32f1.a(gpio.o)
                                       0x8138 (size before relaxing)
 .debug_str     0x000000000000948f       0x6c /home/msis/duggesh/ES/stm32f103c8t6/libopencm3/lib/libopencm3_stm32f1.a(gpio_common_all.o)
                                       0x8136 (size before relaxing)
 .debug_str     0x00000000000094fb     0x3475 /home/msis/duggesh/ES/stm32f103c8t6/libopencm3/lib/libopencm3_stm32f1.a(rcc.o)
                                       0x7d98 (size before relaxing)
 .debug_str     0x000000000000c970      0x186 /home/msis/duggesh/ES/stm32f103c8t6/libopencm3/lib/libopencm3_stm32f1.a(rcc_common_all.o)
                                       0x749b (size before relaxing)
 .debug_str     0x000000000000caf6     0x4afd /home/msis/duggesh/ES/stm32f103c8t6/libopencm3/lib/libopencm3_stm32f1.a(timer_common_all.o)
                                       0xba42 (size before relaxing)
 .debug_str     0x00000000000115f3     0x248f /home/msis/duggesh/ES/stm32f103c8t6/libopencm3/lib/libopencm3_stm32f1.a(vector.o)
                                       0x6187 (size before relaxing)
 .debug_str     0x0000000000013a82       0x64 /home/msis/duggesh/ES/stm32f103c8t6/libopencm3/lib/libopencm3_stm32f1.a(flash_common_all.o)
                                       0x5086 (size before relaxing)

.comment        0x0000000000000000       0x33
 .comment       0x0000000000000000       0x33 main.o
                                         0x34 (size before relaxing)
 .comment       0x0000000000000033       0x34 rtos/heap_4.o
 .comment       0x0000000000000033       0x34 rtos/list.o
 .comment       0x0000000000000033       0x34 rtos/port.o
 .comment       0x0000000000000033       0x34 rtos/tasks.o
 .comment       0x0000000000000033       0x34 rtos/opencm3.o
 .comment       0x0000000000000033       0x34 /home/msis/duggesh/ES/stm32f103c8t6/libopencm3/lib/libopencm3_stm32f1.a(gpio.o)
 .comment       0x0000000000000033       0x34 /home/msis/duggesh/ES/stm32f103c8t6/libopencm3/lib/libopencm3_stm32f1.a(gpio_common_all.o)
 .comment       0x0000000000000033       0x34 /home/msis/duggesh/ES/stm32f103c8t6/libopencm3/lib/libopencm3_stm32f1.a(rcc.o)
 .comment       0x0000000000000033       0x34 /home/msis/duggesh/ES/stm32f103c8t6/libopencm3/lib/libopencm3_stm32f1.a(rcc_common_all.o)
 .comment       0x0000000000000033       0x34 /home/msis/duggesh/ES/stm32f103c8t6/libopencm3/lib/libopencm3_stm32f1.a(timer_common_all.o)
 .comment       0x0000000000000033       0x34 /home/msis/duggesh/ES/stm32f103c8t6/libopencm3/lib/libopencm3_stm32f1.a(vector.o)
 .comment       0x0000000000000033       0x34 /home/msis/duggesh/ES/stm32f103c8t6/libopencm3/lib/libopencm3_stm32f1.a(flash_common_all.o)

.ARM.attributes
                0x0000000000000000       0x2b
 .ARM.attributes
                0x0000000000000000       0x2d main.o
 .ARM.attributes
                0x000000000000002d       0x2d rtos/heap_4.o
 .ARM.attributes
                0x000000000000005a       0x2d rtos/list.o
 .ARM.attributes
                0x0000000000000087       0x2d rtos/port.o
 .ARM.attributes
                0x00000000000000b4       0x2d rtos/tasks.o
 .ARM.attributes
                0x00000000000000e1       0x2d rtos/opencm3.o
 .ARM.attributes
                0x000000000000010e       0x2d /home/msis/duggesh/ES/stm32f103c8t6/libopencm3/lib/libopencm3_stm32f1.a(gpio.o)
 .ARM.attributes
                0x000000000000013b       0x2d /home/msis/duggesh/ES/stm32f103c8t6/libopencm3/lib/libopencm3_stm32f1.a(gpio_common_all.o)
 .ARM.attributes
                0x0000000000000168       0x2d /home/msis/duggesh/ES/stm32f103c8t6/libopencm3/lib/libopencm3_stm32f1.a(rcc.o)
 .ARM.attributes
                0x0000000000000195       0x2d /home/msis/duggesh/ES/stm32f103c8t6/libopencm3/lib/libopencm3_stm32f1.a(rcc_common_all.o)
 .ARM.attributes
                0x00000000000001c2       0x2d /home/msis/duggesh/ES/stm32f103c8t6/libopencm3/lib/libopencm3_stm32f1.a(timer_common_all.o)
 .ARM.attributes
                0x00000000000001ef       0x2d /home/msis/duggesh/ES/stm32f103c8t6/libopencm3/lib/libopencm3_stm32f1.a(vector.o)
 .ARM.attributes
                0x000000000000021c       0x2d /home/msis/duggesh/ES/stm32f103c8t6/libopencm3/lib/libopencm3_stm32f1.a(flash_common_all.o)

.debug_frame    0x0000000000000000     0x1134
 .debug_frame   0x0000000000000000       0x58 main.o
 .debug_frame   0x0000000000000058       0x98 rtos/heap_4.o
 .debug_frame   0x00000000000000f0       0x6c rtos/list.o
 .debug_frame   0x000000000000015c       0xd0 rtos/port.o
 .debug_frame   0x000000000000022c      0x47c rtos/tasks.o
 .debug_frame   0x00000000000006a8       0x40 rtos/opencm3.o
 .debug_frame   0x00000000000006e8       0x60 /home/msis/duggesh/ES/stm32f103c8t6/libopencm3/lib/libopencm3_stm32f1.a(gpio.o)
 .debug_frame   0x0000000000000748       0x80 /home/msis/duggesh/ES/stm32f103c8t6/libopencm3/lib/libopencm3_stm32f1.a(gpio_common_all.o)
 .debug_frame   0x00000000000007c8      0x318 /home/msis/duggesh/ES/stm32f103c8t6/libopencm3/lib/libopencm3_stm32f1.a(rcc.o)
 .debug_frame   0x0000000000000ae0       0xe0 /home/msis/duggesh/ES/stm32f103c8t6/libopencm3/lib/libopencm3_stm32f1.a(rcc_common_all.o)
 .debug_frame   0x0000000000000bc0      0x4d8 /home/msis/duggesh/ES/stm32f103c8t6/libopencm3/lib/libopencm3_stm32f1.a(timer_common_all.o)
 .debug_frame   0x0000000000001098       0x4c /home/msis/duggesh/ES/stm32f103c8t6/libopencm3/lib/libopencm3_stm32f1.a(vector.o)
 .debug_frame   0x00000000000010e4       0x50 /home/msis/duggesh/ES/stm32f103c8t6/libopencm3/lib/libopencm3_stm32f1.a(flash_common_all.o)

.debug_macro    0x0000000000000000     0x429c
 .debug_macro   0x0000000000000000       0x6f /home/msis/duggesh/ES/stm32f103c8t6/libopencm3/lib/libopencm3_stm32f1.a(gpio.o)
 .debug_macro   0x000000000000006f      0xa60 /home/msis/duggesh/ES/stm32f103c8t6/libopencm3/lib/libopencm3_stm32f1.a(gpio.o)
 .debug_macro   0x0000000000000acf       0x1c /home/msis/duggesh/ES/stm32f103c8t6/libopencm3/lib/libopencm3_stm32f1.a(gpio.o)
 .debug_macro   0x0000000000000aeb      0x34e /home/msis/duggesh/ES/stm32f103c8t6/libopencm3/lib/libopencm3_stm32f1.a(gpio.o)
 .debug_macro   0x0000000000000e39       0x22 /home/msis/duggesh/ES/stm32f103c8t6/libopencm3/lib/libopencm3_stm32f1.a(gpio.o)
 .debug_macro   0x0000000000000e5b       0xe8 /home/msis/duggesh/ES/stm32f103c8t6/libopencm3/lib/libopencm3_stm32f1.a(gpio.o)
 .debug_macro   0x0000000000000f43       0x76 /home/msis/duggesh/ES/stm32f103c8t6/libopencm3/lib/libopencm3_stm32f1.a(gpio.o)
 .debug_macro   0x0000000000000fb9      0x1b4 /home/msis/duggesh/ES/stm32f103c8t6/libopencm3/lib/libopencm3_stm32f1.a(gpio.o)
 .debug_macro   0x000000000000116d       0x76 /home/msis/duggesh/ES/stm32f103c8t6/libopencm3/lib/libopencm3_stm32f1.a(gpio.o)
 .debug_macro   0x00000000000011e3      0xe2e /home/msis/duggesh/ES/stm32f103c8t6/libopencm3/lib/libopencm3_stm32f1.a(gpio.o)
 .debug_macro   0x0000000000002011       0x6f /home/msis/duggesh/ES/stm32f103c8t6/libopencm3/lib/libopencm3_stm32f1.a(gpio_common_all.o)
 .debug_macro   0x0000000000002080       0x9e /home/msis/duggesh/ES/stm32f103c8t6/libopencm3/lib/libopencm3_stm32f1.a(rcc.o)
 .debug_macro   0x000000000000211e       0x16 /home/msis/duggesh/ES/stm32f103c8t6/libopencm3/lib/libopencm3_stm32f1.a(rcc.o)
 .debug_macro   0x0000000000002134      0x8c6 /home/msis/duggesh/ES/stm32f103c8t6/libopencm3/lib/libopencm3_stm32f1.a(rcc.o)
 .debug_macro   0x00000000000029fa       0xee /home/msis/duggesh/ES/stm32f103c8t6/libopencm3/lib/libopencm3_stm32f1.a(rcc.o)
 .debug_macro   0x0000000000002ae8       0x82 /home/msis/duggesh/ES/stm32f103c8t6/libopencm3/lib/libopencm3_stm32f1.a(rcc.o)
 .debug_macro   0x0000000000002b6a       0x85 /home/msis/duggesh/ES/stm32f103c8t6/libopencm3/lib/libopencm3_stm32f1.a(rcc_common_all.o)
 .debug_macro   0x0000000000002bef       0x7c /home/msis/duggesh/ES/stm32f103c8t6/libopencm3/lib/libopencm3_stm32f1.a(timer_common_all.o)
 .debug_macro   0x0000000000002c6b      0xf8f /home/msis/duggesh/ES/stm32f103c8t6/libopencm3/lib/libopencm3_stm32f1.a(timer_common_all.o)
 .debug_macro   0x0000000000003bfa       0x86 /home/msis/duggesh/ES/stm32f103c8t6/libopencm3/lib/libopencm3_stm32f1.a(vector.o)
 .debug_macro   0x0000000000003c80      0x395 /home/msis/duggesh/ES/stm32f103c8t6/libopencm3/lib/libopencm3_stm32f1.a(vector.o)
 .debug_macro   0x0000000000004015       0x6e /home/msis/duggesh/ES/stm32f103c8t6/libopencm3/lib/libopencm3_stm32f1.a(vector.o)
 .debug_macro   0x0000000000004083      0x1a2 /home/msis/duggesh/ES/stm32f103c8t6/libopencm3/lib/libopencm3_stm32f1.a(vector.o)
 .debug_macro   0x0000000000004225       0x77 /home/msis/duggesh/ES/stm32f103c8t6/libopencm3/lib/libopencm3_stm32f1.a(flash_common_all.o)
